Archive member included to satisfy reference by file (symbol)

/Users/sizweletanta/Library/Application Support/Code/User/globalStorage/bmd.stm32-for-vscode/@xpack-dev-tools/arm-none-eabi-gcc/12.2.1-1.2.1/.content/bin/../lib/gcc/arm-none-eabi/12.2.1/../../../../arm-none-eabi/lib/thumb/v6-m/nofp/libc_nano.a(libc_a-atexit.o)
                              /Users/sizweletanta/Library/Application Support/Code/User/globalStorage/bmd.stm32-for-vscode/@xpack-dev-tools/arm-none-eabi-gcc/12.2.1-1.2.1/.content/bin/../lib/gcc/arm-none-eabi/12.2.1/../../../../arm-none-eabi/lib/thumb/v6-m/nofp/crt0.o (atexit)
/Users/sizweletanta/Library/Application Support/Code/User/globalStorage/bmd.stm32-for-vscode/@xpack-dev-tools/arm-none-eabi-gcc/12.2.1-1.2.1/.content/bin/../lib/gcc/arm-none-eabi/12.2.1/../../../../arm-none-eabi/lib/thumb/v6-m/nofp/libc_nano.a(libc_a-exit.o)
                              /Users/sizweletanta/Library/Application Support/Code/User/globalStorage/bmd.stm32-for-vscode/@xpack-dev-tools/arm-none-eabi-gcc/12.2.1-1.2.1/.content/bin/../lib/gcc/arm-none-eabi/12.2.1/../../../../arm-none-eabi/lib/thumb/v6-m/nofp/crt0.o (exit)
/Users/sizweletanta/Library/Application Support/Code/User/globalStorage/bmd.stm32-for-vscode/@xpack-dev-tools/arm-none-eabi-gcc/12.2.1-1.2.1/.content/bin/../lib/gcc/arm-none-eabi/12.2.1/../../../../arm-none-eabi/lib/thumb/v6-m/nofp/libc_nano.a(libc_a-sprintf.o)
                              build/main.o (sprintf)
/Users/sizweletanta/Library/Application Support/Code/User/globalStorage/bmd.stm32-for-vscode/@xpack-dev-tools/arm-none-eabi-gcc/12.2.1-1.2.1/.content/bin/../lib/gcc/arm-none-eabi/12.2.1/../../../../arm-none-eabi/lib/thumb/v6-m/nofp/libc_nano.a(libc_a-findfp.o)
                              /Users/sizweletanta/Library/Application Support/Code/User/globalStorage/bmd.stm32-for-vscode/@xpack-dev-tools/arm-none-eabi-gcc/12.2.1-1.2.1/.content/bin/../lib/gcc/arm-none-eabi/12.2.1/../../../../arm-none-eabi/lib/thumb/v6-m/nofp/libc_nano.a(libc_a-exit.o) (__stdio_exit_handler)
/Users/sizweletanta/Library/Application Support/Code/User/globalStorage/bmd.stm32-for-vscode/@xpack-dev-tools/arm-none-eabi-gcc/12.2.1-1.2.1/.content/bin/../lib/gcc/arm-none-eabi/12.2.1/../../../../arm-none-eabi/lib/thumb/v6-m/nofp/libc_nano.a(libc_a-fwalk.o)
                              /Users/sizweletanta/Library/Application Support/Code/User/globalStorage/bmd.stm32-for-vscode/@xpack-dev-tools/arm-none-eabi-gcc/12.2.1-1.2.1/.content/bin/../lib/gcc/arm-none-eabi/12.2.1/../../../../arm-none-eabi/lib/thumb/v6-m/nofp/libc_nano.a(libc_a-findfp.o) (_fwalk_sglue)
/Users/sizweletanta/Library/Application Support/Code/User/globalStorage/bmd.stm32-for-vscode/@xpack-dev-tools/arm-none-eabi-gcc/12.2.1-1.2.1/.content/bin/../lib/gcc/arm-none-eabi/12.2.1/../../../../arm-none-eabi/lib/thumb/v6-m/nofp/libc_nano.a(libc_a-memset.o)
                              /Users/sizweletanta/Library/Application Support/Code/User/globalStorage/bmd.stm32-for-vscode/@xpack-dev-tools/arm-none-eabi-gcc/12.2.1-1.2.1/.content/bin/../lib/gcc/arm-none-eabi/12.2.1/../../../../arm-none-eabi/lib/thumb/v6-m/nofp/crt0.o (memset)
/Users/sizweletanta/Library/Application Support/Code/User/globalStorage/bmd.stm32-for-vscode/@xpack-dev-tools/arm-none-eabi-gcc/12.2.1-1.2.1/.content/bin/../lib/gcc/arm-none-eabi/12.2.1/../../../../arm-none-eabi/lib/thumb/v6-m/nofp/libc_nano.a(libc_a-impure.o)
                              /Users/sizweletanta/Library/Application Support/Code/User/globalStorage/bmd.stm32-for-vscode/@xpack-dev-tools/arm-none-eabi-gcc/12.2.1-1.2.1/.content/bin/../lib/gcc/arm-none-eabi/12.2.1/../../../../arm-none-eabi/lib/thumb/v6-m/nofp/libc_nano.a(libc_a-sprintf.o) (_impure_ptr)
/Users/sizweletanta/Library/Application Support/Code/User/globalStorage/bmd.stm32-for-vscode/@xpack-dev-tools/arm-none-eabi-gcc/12.2.1-1.2.1/.content/bin/../lib/gcc/arm-none-eabi/12.2.1/../../../../arm-none-eabi/lib/thumb/v6-m/nofp/libc_nano.a(libc_a-init.o)
                              /Users/sizweletanta/Library/Application Support/Code/User/globalStorage/bmd.stm32-for-vscode/@xpack-dev-tools/arm-none-eabi-gcc/12.2.1-1.2.1/.content/bin/../lib/gcc/arm-none-eabi/12.2.1/../../../../arm-none-eabi/lib/thumb/v6-m/nofp/crt0.o (__libc_init_array)
/Users/sizweletanta/Library/Application Support/Code/User/globalStorage/bmd.stm32-for-vscode/@xpack-dev-tools/arm-none-eabi-gcc/12.2.1-1.2.1/.content/bin/../lib/gcc/arm-none-eabi/12.2.1/../../../../arm-none-eabi/lib/thumb/v6-m/nofp/libc_nano.a(libc_a-fini.o)
                              /Users/sizweletanta/Library/Application Support/Code/User/globalStorage/bmd.stm32-for-vscode/@xpack-dev-tools/arm-none-eabi-gcc/12.2.1-1.2.1/.content/bin/../lib/gcc/arm-none-eabi/12.2.1/../../../../arm-none-eabi/lib/thumb/v6-m/nofp/crt0.o (__libc_fini_array)
[...]
Memory Configuration

Name             Origin             Length             Attributes
RAM              0x0000000020000000 0x0000000000002000 xrw
FLASH            0x0000000008000000 0x0000000000008000 xr
*default*        0x0000000000000000 0xffffffffffffffff

Linker script and memory map

LOAD /Users/sizweletanta/Library/Application Support/Code/User/globalStorage/bmd.stm32-for-vscode/@xpack-dev-tools/arm-none-eabi-gcc/12.2.1-1.2.1/.content/bin/../lib/gcc/arm-none-eabi/12.2.1/thumb/v6-m/nofp/crti.o
LOAD /Users/sizweletanta/Library/Application Support/Code/User/globalStorage/bmd.stm32-for-vscode/@xpack-dev-tools/arm-none-eabi-gcc/12.2.1-1.2.1/.content/bin/../lib/gcc/arm-none-eabi/12.2.1/thumb/v6-m/nofp/crtbegin.o
LOAD /Users/sizweletanta/Library/Application Support/Code/User/globalStorage/bmd.stm32-for-vscode/@xpack-dev-tools/arm-none-eabi-gcc/12.2.1-1.2.1/.content/bin/../lib/gcc/arm-none-eabi/12.2.1/../../../../arm-none-eabi/lib/thumb/v6-m/nofp/crt0.o
LOAD build/main.o
LOAD build/stm32f0xx_hal_msp.o
LOAD build/stm32f0xx_it.o
LOAD build/system_stm32f0xx.o
LOAD build/stm32f0xx_hal.o
LOAD build/stm32f0xx_hal_adc.o
LOAD build/stm32f0xx_hal_adc_ex.o
LOAD build/stm32f0xx_hal_cortex.o
LOAD build/stm32f0xx_hal_dma.o
LOAD build/stm32f0xx_hal_flash.o
LOAD build/stm32f0xx_hal_flash_ex.o
LOAD build/stm32f0xx_hal_gpio.o
LOAD build/stm32f0xx_hal_i2c.o
LOAD build/stm32f0xx_hal_i2c_ex.o
LOAD build/stm32f0xx_hal_pwr.o
LOAD build/stm32f0xx_hal_pwr_ex.o
LOAD build/stm32f0xx_hal_rcc.o
LOAD build/stm32f0xx_hal_rcc_ex.o
LOAD build/stm32f0xx_hal_tim.o
LOAD build/stm32f0xx_hal_tim_ex.o
LOAD build/stm32f0xx_ll_exti.o
LOAD build/stm32f0xx_ll_gpio.o
LOAD build/stm32f0xx_ll_rcc.o
LOAD build/stm32f0xx_ll_utils.o
LOAD build/startup_stm32f051x8.o
LOAD /Users/sizweletanta/Library/Application Support/Code/User/globalStorage/bmd.stm32-for-vscode/@xpack-dev-tools/arm-none-eabi-gcc/12.2.1-1.2.1/.content/bin/../lib/gcc/arm-none-eabi/12.2.1/../../../../arm-none-eabi/lib/thumb/v6-m/nofp/libc_nano.a
LOAD /Users/sizweletanta/Library/Application Support/Code/User/globalStorage/bmd.stm32-for-vscode/@xpack-dev-tools/arm-none-eabi-gcc/12.2.1-1.2.1/.content/bin/../lib/gcc/arm-none-eabi/12.2.1/../../../../arm-none-eabi/lib/thumb/v6-m/nofp/libm.a
LOAD /Users/sizweletanta/Library/Application Support/Code/User/globalStorage/bmd.stm32-for-vscode/@xpack-dev-tools/arm-none-eabi-gcc/12.2.1-1.2.1/.content/bin/../lib/gcc/arm-none-eabi/12.2.1/../../../../arm-none-eabi/lib/thumb/v6-m/nofp/libnosys.a
START GROUP
LOAD /Users/sizweletanta/Library/Application Support/Code/User/globalStorage/bmd.stm32-for-vscode/@xpack-dev-tools/arm-none-eabi-gcc/12.2.1-1.2.1/.content/bin/../lib/gcc/arm-none-eabi/12.2.1/thumb/v6-m/nofp/libgcc.a
LOAD /Users/sizweletanta/Library/Application Support/Code/User/globalStorage/bmd.stm32-for-vscode/@xpack-dev-tools/arm-none-eabi-gcc/12.2.1-1.2.1/.content/bin/../lib/gcc/arm-none-eabi/12.2.1/../../../../arm-none-eabi/lib/thumb/v6-m/nofp/libc_nano.a
END GROUP
START GROUP
LOAD /Users/sizweletanta/Library/Application Support/Code/User/globalStorage/bmd.stm32-for-vscode/@xpack-dev-tools/arm-none-eabi-gcc/12.2.1-1.2.1/.content/bin/../lib/gcc/arm-none-eabi/12.2.1/thumb/v6-m/nofp/libgcc.a
LOAD /Users/sizweletanta/Library/Application Support/Code/User/globalStorage/bmd.stm32-for-vscode/@xpack-dev-tools/arm-none-eabi-gcc/12.2.1-1.2.1/.content/bin/../lib/gcc/arm-none-eabi/12.2.1/../../../../arm-none-eabi/lib/thumb/v6-m/nofp/libc_nano.a
END GROUP
LOAD /Users/sizweletanta/Library/Application Support/Code/User/globalStorage/bmd.stm32-for-vscode/@xpack-dev-tools/arm-none-eabi-gcc/12.2.1-1.2.1/.content/bin/../lib/gcc/arm-none-eabi/12.2.1/thumb/v6-m/nofp/crtend.o
LOAD /Users/sizweletanta/Library/Application Support/Code/User/globalStorage/bmd.stm32-for-vscode/@xpack-dev-tools/arm-none-eabi-gcc/12.2.1-1.2.1/.content/bin/../lib/gcc/arm-none-eabi/12.2.1/thumb/v6-m/nofp/crtn.o
                0x0000000020002000                _estack = (ORIGIN (RAM) + LENGTH (RAM))
                0x0000000000000200                _Min_Heap_Size = 0x200
                0x0000000000000400                _Min_Stack_Size = 0x400

.isr_vector     0x0000000008000000       0xc0
                0x0000000008000000                . = ALIGN (0x4)
 *(.isr_vector)
 .isr_vector    0x0000000008000000       0xc0 build/startup_stm32f051x8.o
                0x0000000008000000                g_pfnVectors
                0x00000000080000c0                . = ALIGN (0x4)

.text           0x00000000080000c0     0x2408
                0x00000000080000c0                . = ALIGN (0x4)
 *(.text)
 .text          0x00000000080000c0       0x14 /Users/sizweletanta/Library/Application Support/Code/User/globalStorage/bmd.stm32-for-vscode/@xpack-dev-tools/arm-none-eabi-gcc/12.2.1-1.2.1/.content/bin/../lib/gcc/arm-none-eabi/12.2.1/thumb/v6-m/nofp/libgcc.a(_thumb1_case_shi.o)
                0x00000000080000c0                __gnu_thumb1_case_shi
 .text          0x00000000080000d4      0x114 /Users/sizweletanta/Library/Application Support/Code/User/globalStorage/bmd.stm32-for-vscode/@xpack-dev-tools/arm-none-eabi-gcc/12.2.1-1.2.1/.content/bin/../lib/gcc/arm-none-eabi/12.2.1/thumb/v6-m/nofp/libgcc.a(_udivsi3.o)
                0x00000000080000d4                __udivsi3
                0x00000000080000d4                __aeabi_uidiv
                0x00000000080001e0                __aeabi_uidivmod
 .text          0x00000000080001e8        0x4 /Users/sizweletanta/Library/Application Support/Code/User/globalStorage/bmd.stm32-for-vscode/@xpack-dev-tools/arm-none-eabi-gcc/12.2.1-1.2.1/.content/bin/../lib/gcc/arm-none-eabi/12.2.1/thumb/v6-m/nofp/libgcc.a(_dvmd_tls.o)
                0x00000000080001e8                __aeabi_ldiv0
                0x00000000080001e8                __aeabi_idiv0
 *(.text*)
 .text.__do_global_dtors_aux
                0x00000000080001ec       0x28 /Users/sizweletanta/Library/Application Support/Code/User/globalStorage/bmd.stm32-for-vscode/@xpack-dev-tools/arm-none-eabi-gcc/12.2.1-1.2.1/.content/bin/../lib/gcc/arm-none-eabi/12.2.1/thumb/v6-m/nofp/crtbegin.o
 .text.frame_dummy
                0x0000000008000214       0x20 /Users/sizweletanta/Library/Application Support/Code/User/globalStorage/bmd.stm32-for-vscode/@xpack-dev-tools/arm-none-eabi-gcc/12.2.1-1.2.1/.content/bin/../lib/gcc/arm-none-eabi/12.2.1/thumb/v6-m/nofp/crtbegin.o
 .text.MX_GPIO_Init
                0x0000000008000234       0xc8 build/main.o
 .text.delay    0x00000000080002fc       0x20 build/main.o
                0x00000000080002fc                delay
 .text.pulse_strobe
                0x000000000800031c       0x38 build/main.o
                0x000000000800031c                pulse_strobe
 .text.lcd_putchar
                0x0000000008000354      0x124 build/main.o
                0x0000000008000354                lcd_putchar
 .text.lcd_putstring
                0x0000000008000478       0x18 build/main.o
                0x0000000008000478                lcd_putstring
 .text.lcd_command
                0x0000000008000490      0x130 build/main.o
                0x0000000008000490                lcd_command
 .text.init_LCD
                0x00000000080005c0       0x80 build/main.o
                0x00000000080005c0                init_LCD
 .text.EXTI0_1_IRQHandler
                0x0000000008000640       0x30 build/main.o
                0x0000000008000640                EXTI0_1_IRQHandler
 .text.writeLCD
                0x0000000008000670       0x1c build/main.o
                0x0000000008000670                writeLCD
 .text.pollADC  0x000000000800068c       0x20 build/main.o
                0x000000000800068c                pollADC
 .text.ADC1_COMP_IRQHandler
                0x00000000080006ac       0x20 build/main.o
                0x00000000080006ac                ADC1_COMP_IRQHandler
 .text.Error_Handler
                0x00000000080006cc        0x4 build/main.o
                0x00000000080006cc                Error_Handler
 .text.MX_ADC_Init
                0x00000000080006d0       0x9c build/main.o
 .text.MX_TIM3_Init
                0x000000000800076c       0xb0 build/main.o
 .text.SystemClock_Config
                0x000000000800081c       0xa4 build/main.o
                0x000000000800081c                SystemClock_Config
 .text.main     0x00000000080008c0       0x60 build/main.o
                0x00000000080008c0                main
 .text.HAL_MspInit
                0x0000000008000920       0x30 build/stm32f0xx_hal_msp.o
                0x0000000008000920                HAL_MspInit
 .text.HAL_ADC_MspInit
                0x0000000008000950       0x60 build/stm32f0xx_hal_msp.o
                0x0000000008000950                HAL_ADC_MspInit
 .text.HAL_TIM_Base_MspInit
                0x00000000080009b0       0x2c build/stm32f0xx_hal_msp.o
                0x00000000080009b0                HAL_TIM_Base_MspInit
 .text.HAL_TIM_MspPostInit
                0x00000000080009dc       0x50 build/stm32f0xx_hal_msp.o
                0x00000000080009dc                HAL_TIM_MspPostInit
 .text.NMI_Handler
                0x0000000008000a2c        0x2 build/stm32f0xx_it.o
                0x0000000008000a2c                NMI_Handler
 .text.HardFault_Handler
                0x0000000008000a2e        0x2 build/stm32f0xx_it.o
                0x0000000008000a2e                HardFault_Handler
 .text.SVC_Handler
                0x0000000008000a30        0x2 build/stm32f0xx_it.o
                0x0000000008000a30                SVC_Handler
 .text.PendSV_Handler
                0x0000000008000a32        0x2 build/stm32f0xx_it.o
                0x0000000008000a32                PendSV_Handler
 .text.SysTick_Handler
                0x0000000008000a34        0x8 build/stm32f0xx_it.o
                0x0000000008000a34                SysTick_Handler
 .text.SystemInit
                0x0000000008000a3c        0x2 build/system_stm32f0xx.o
                0x0000000008000a3c                SystemInit
 *fill*         0x0000000008000a3e        0x2 
 .text.HAL_InitTick
                0x0000000008000a40       0x50 build/stm32f0xx_hal.o
                0x0000000008000a40                HAL_InitTick
 .text.HAL_Init
                0x0000000008000a90       0x20 build/stm32f0xx_hal.o
                0x0000000008000a90                HAL_Init
 .text.HAL_IncTick
                0x0000000008000ab0       0x18 build/stm32f0xx_hal.o
                0x0000000008000ab0                HAL_IncTick
 .text.HAL_GetTick
                0x0000000008000ac8        0xc build/stm32f0xx_hal.o
                0x0000000008000ac8                HAL_GetTick
 .text.HAL_Delay
                0x0000000008000ad4       0x24 build/stm32f0xx_hal.o
                0x0000000008000ad4                HAL_Delay
 .text.ADC_ConversionStop
                0x0000000008000af8       0x5c build/stm32f0xx_hal_adc.o
 .text.ADC_Disable
                0x0000000008000b54       0x88 build/stm32f0xx_hal_adc.o
 .text.ADC_Enable
                0x0000000008000bdc       0xb0 build/stm32f0xx_hal_adc.o
 .text.HAL_ADC_Init
                0x0000000008000c8c      0x184 build/stm32f0xx_hal_adc.o
                0x0000000008000c8c                HAL_ADC_Init
 .text.HAL_ADC_Start
                0x0000000008000e10       0x60 build/stm32f0xx_hal_adc.o
                0x0000000008000e10                HAL_ADC_Start
 .text.HAL_ADC_Stop
                0x0000000008000e70       0x44 build/stm32f0xx_hal_adc.o
                0x0000000008000e70                HAL_ADC_Stop
 .text.HAL_ADC_GetValue
                0x0000000008000eb4        0x6 build/stm32f0xx_hal_adc.o
                0x0000000008000eb4                HAL_ADC_GetValue
 .text.HAL_ADC_ConvCpltCallback
                0x0000000008000eba        0x2 build/stm32f0xx_hal_adc.o
                0x0000000008000eba                HAL_ADC_ConvCpltCallback
 .text.HAL_ADC_LevelOutOfWindowCallback
                0x0000000008000ebc        0x2 build/stm32f0xx_hal_adc.o
                0x0000000008000ebc                HAL_ADC_LevelOutOfWindowCallback
 .text.HAL_ADC_ErrorCallback
                0x0000000008000ebe        0x2 build/stm32f0xx_hal_adc.o
                0x0000000008000ebe                HAL_ADC_ErrorCallback
 .text.HAL_ADC_IRQHandler
                0x0000000008000ec0       0xd0 build/stm32f0xx_hal_adc.o
                0x0000000008000ec0                HAL_ADC_IRQHandler
 .text.HAL_ADC_ConfigChannel
                0x0000000008000f90      0x134 build/stm32f0xx_hal_adc.o
                0x0000000008000f90                HAL_ADC_ConfigChannel
 .text.__NVIC_SetPriority
                0x00000000080010c4       0x60 build/stm32f0xx_hal_cortex.o
 .text.SysTick_Config
                0x0000000008001124       0x38 build/stm32f0xx_hal_cortex.o
 .text.HAL_NVIC_SetPriority
                0x000000000800115c        0x8 build/stm32f0xx_hal_cortex.o
                0x000000000800115c                HAL_NVIC_SetPriority
 .text.HAL_NVIC_EnableIRQ
                0x0000000008001164       0x18 build/stm32f0xx_hal_cortex.o
                0x0000000008001164                HAL_NVIC_EnableIRQ
 .text.HAL_SYSTICK_Config
                0x000000000800117c        0x8 build/stm32f0xx_hal_cortex.o
                0x000000000800117c                HAL_SYSTICK_Config
 .text.HAL_GPIO_Init
                0x0000000008001184      0x188 build/stm32f0xx_hal_gpio.o
                0x0000000008001184                HAL_GPIO_Init
 .text.HAL_GPIO_TogglePin
                0x000000000800130c       0x10 build/stm32f0xx_hal_gpio.o
                0x000000000800130c                HAL_GPIO_TogglePin
 .text.HAL_GPIO_EXTI_Callback
                0x000000000800131c        0x2 build/stm32f0xx_hal_gpio.o
                0x000000000800131c                HAL_GPIO_EXTI_Callback
 *fill*         0x000000000800131e        0x2 
 .text.HAL_GPIO_EXTI_IRQHandler
                0x0000000008001320       0x1c build/stm32f0xx_hal_gpio.o
                0x0000000008001320                HAL_GPIO_EXTI_IRQHandler
 .text.TIM_OC1_SetConfig
                0x000000000800133c       0x8c build/stm32f0xx_hal_tim.o
 .text.TIM_OC3_SetConfig
                0x00000000080013c8       0x8c build/stm32f0xx_hal_tim.o
 .text.TIM_OC4_SetConfig
                0x0000000008001454       0x74 build/stm32f0xx_hal_tim.o
 .text.TIM_TI1_ConfigInputStage
                0x00000000080014c8       0x22 build/stm32f0xx_hal_tim.o
 *fill*         0x00000000080014ea        0x2 
 .text.TIM_TI2_ConfigInputStage
                0x00000000080014ec       0x28 build/stm32f0xx_hal_tim.o
 .text.TIM_ITRx_SetConfig
                0x0000000008001514       0x10 build/stm32f0xx_hal_tim.o
 .text.HAL_TIM_PWM_MspInit
                0x0000000008001524        0x2 build/stm32f0xx_hal_tim.o
                0x0000000008001524                HAL_TIM_PWM_MspInit
 *fill*         0x0000000008001526        0x2 
 .text.TIM_Base_SetConfig
                0x0000000008001528       0xa4 build/stm32f0xx_hal_tim.o
                0x0000000008001528                TIM_Base_SetConfig
 .text.HAL_TIM_Base_Init
                0x00000000080015cc       0x58 build/stm32f0xx_hal_tim.o
                0x00000000080015cc                HAL_TIM_Base_Init
 .text.HAL_TIM_PWM_Init
                0x0000000008001624       0x58 build/stm32f0xx_hal_tim.o
                0x0000000008001624                HAL_TIM_PWM_Init
 .text.TIM_OC2_SetConfig
                0x000000000800167c       0x84 build/stm32f0xx_hal_tim.o
                0x000000000800167c                TIM_OC2_SetConfig
 .text.HAL_TIM_PWM_ConfigChannel
                0x0000000008001700       0xf0 build/stm32f0xx_hal_tim.o
                0x0000000008001700                HAL_TIM_PWM_ConfigChannel
 .text.TIM_ETR_SetConfig
                0x00000000080017f0       0x18 build/stm32f0xx_hal_tim.o
                0x00000000080017f0                TIM_ETR_SetConfig
 .text.HAL_TIM_ConfigClockSource
                0x0000000008001808      0x108 build/stm32f0xx_hal_tim.o
                0x0000000008001808                HAL_TIM_ConfigClockSource
 .text.HAL_TIMEx_MasterConfigSynchronization
                0x0000000008001910       0x6c build/stm32f0xx_hal_tim_ex.o
                0x0000000008001910                HAL_TIMEx_MasterConfigSynchronization
 .text.LL_EXTI_Init
                0x000000000800197c       0xc8 build/stm32f0xx_ll_exti.o
                0x000000000800197c                LL_EXTI_Init
 .text.LL_GPIO_Init
                0x0000000008001a44       0xb8 build/stm32f0xx_ll_gpio.o
                0x0000000008001a44                LL_GPIO_Init
 .text.LL_SetSystemCoreClock
                0x0000000008001afc        0xc build/stm32f0xx_ll_utils.o
                0x0000000008001afc                LL_SetSystemCoreClock
 .text.Reset_Handler
                0x0000000008001b08       0x50 build/startup_stm32f051x8.o
                0x0000000008001b08                Reset_Handler
 .text.Default_Handler
                0x0000000008001b58        0x2 build/startup_stm32f051x8.o
                0x0000000008001b58                TIM1_BRK_UP_TRG_COM_IRQHandler
                0x0000000008001b58                TSC_IRQHandler
                0x0000000008001b58                PVD_IRQHandler
                0x0000000008001b58                I2C1_IRQHandler
                0x0000000008001b58                RCC_CRS_IRQHandler
                0x0000000008001b58                SPI1_IRQHandler
                0x0000000008001b58                TIM6_DAC_IRQHandler
                0x0000000008001b58                EXTI2_3_IRQHandler
                0x0000000008001b58                I2C2_IRQHandler
                0x0000000008001b58                TIM17_IRQHandler
                0x0000000008001b58                CEC_CAN_IRQHandler
                0x0000000008001b58                RTC_IRQHandler
                0x0000000008001b58                TIM16_IRQHandler
                0x0000000008001b58                TIM3_IRQHandler
                0x0000000008001b58                EXTI4_15_IRQHandler
                0x0000000008001b58                DMA1_Channel1_IRQHandler
                0x0000000008001b58                Default_Handler
                0x0000000008001b58                TIM14_IRQHandler
                0x0000000008001b58                DMA1_Channel4_5_IRQHandler
                0x0000000008001b58                TIM15_IRQHandler
                0x0000000008001b58                SPI2_IRQHandler
                0x0000000008001b58                WWDG_IRQHandler
                0x0000000008001b58                TIM2_IRQHandler
                0x0000000008001b58                DMA1_Channel2_3_IRQHandler
                0x0000000008001b58                USART2_IRQHandler
                0x0000000008001b58                FLASH_IRQHandler
                0x0000000008001b58                USART1_IRQHandler
                0x0000000008001b58                TIM1_CC_IRQHandler
 *fill*         0x0000000008001b5a        0x2 
 .text.sprintf  0x0000000008001b5c       0x40 /Users/sizweletanta/Library/Application Support/Code/User/globalStorage/bmd.stm32-for-vscode/@xpack-dev-tools/arm-none-eabi-gcc/12.2.1-1.2.1/.content/bin/../lib/gcc/arm-none-eabi/12.2.1/../../../../arm-none-eabi/lib/thumb/v6-m/nofp/libc_nano.a(libc_a-sprintf.o)
                0x0000000008001b5c                sprintf
                0x0000000008001b5c                siprintf
 .text.memset   0x0000000008001b9c       0x10 /Users/sizweletanta/Library/Application Support/Code/User/globalStorage/bmd.stm32-for-vscode/@xpack-dev-tools/arm-none-eabi-gcc/12.2.1-1.2.1/.content/bin/../lib/gcc/arm-none-eabi/12.2.1/../../../../arm-none-eabi/lib/thumb/v6-m/nofp/libc_nano.a(libc_a-memset.o)
                0x0000000008001b9c                memset
 .text.__libc_init_array
                0x0000000008001bac       0x48 /Users/sizweletanta/Library/Application Support/Code/User/globalStorage/bmd.stm32-for-vscode/@xpack-dev-tools/arm-none-eabi-gcc/12.2.1-1.2.1/.content/bin/../lib/gcc/arm-none-eabi/12.2.1/../../../../arm-none-eabi/lib/thumb/v6-m/nofp/libc_nano.a(libc_a-init.o)
                0x0000000008001bac                __libc_init_array
 .text.__retarget_lock_acquire_recursive
                0x0000000008001bf4        0x2 /Users/sizweletanta/Library/Application Support/Code/User/globalStorage/bmd.stm32-for-vscode/@xpack-dev-tools/arm-none-eabi-gcc/12.2.1-1.2.1/.content/bin/../lib/gcc/arm-none-eabi/12.2.1/../../../../arm-none-eabi/lib/thumb/v6-m/nofp/libc_nano.a(libc_a-lock.o)
                0x0000000008001bf4                __retarget_lock_acquire_recursive
 .text.__retarget_lock_release_recursive
                0x0000000008001bf6        0x2 /Users/sizweletanta/Library/Application Support/Code/User/globalStorage/bmd.stm32-for-vscode/@xpack-dev-tools/arm-none-eabi-gcc/12.2.1-1.2.1/.content/bin/../lib/gcc/arm-none-eabi/12.2.1/../../../../arm-none-eabi/lib/thumb/v6-m/nofp/libc_nano.a(libc_a-lock.o)
                0x0000000008001bf6                __retarget_lock_release_recursive
 .text.__ssputs_r
                0x0000000008001bf8       0xc0 /Users/sizweletanta/Library/Application Support/Code/User/globalStorage/bmd.stm32-for-vscode/@xpack-dev-tools/arm-none-eabi-gcc/12.2.1-1.2.1/.content/bin/../lib/gcc/arm-none-eabi/12.2.1/../../../../arm-none-eabi/lib/thumb/v6-m/nofp/libc_nano.a(libc_a-nano-svfprintf.o)
                0x0000000008001bf8                __ssputs_r
 .text._svfprintf_r
                0x0000000008001cb8      0x1fc /Users/sizweletanta/Library/Application Support/Code/User/globalStorage/bmd.stm32-for-vscode/@xpack-dev-tools/arm-none-eabi-gcc/12.2.1-1.2.1/.content/bin/../lib/gcc/arm-none-eabi/12.2.1/../../../../arm-none-eabi/lib/thumb/v6-m/nofp/libc_nano.a(libc_a-nano-svfprintf.o)
                0x0000000008001cb8                _svfprintf_r
                0x0000000008001cb8                _svfiprintf_r
 .text.sbrk_aligned
                0x0000000008001eb4       0x44 /Users/sizweletanta/Library/Application Support/Code/User/globalStorage/bmd.stm32-for-vscode/@xpack-dev-tools/arm-none-eabi-gcc/12.2.1-1.2.1/.content/bin/../lib/gcc/arm-none-eabi/12.2.1/../../../../arm-none-eabi/lib/thumb/v6-m/nofp/libc_nano.a(libc_a-mallocr.o)
 .text._malloc_r
                0x0000000008001ef8       0xf4 /Users/sizweletanta/Library/Application Support/Code/User/globalStorage/bmd.stm32-for-vscode/@xpack-dev-tools/arm-none-eabi-gcc/12.2.1-1.2.1/.content/bin/../lib/gcc/arm-none-eabi/12.2.1/../../../../arm-none-eabi/lib/thumb/v6-m/nofp/libc_nano.a(libc_a-mallocr.o)
                0x0000000008001ef8                _malloc_r
 .text._printf_common
                0x0000000008001fec       0xde /Users/sizweletanta/Library/Application Support/Code/User/globalStorage/bmd.stm32-for-vscode/@xpack-dev-tools/arm-none-eabi-gcc/12.2.1-1.2.1/.content/bin/../lib/gcc/arm-none-eabi/12.2.1/../../../../arm-none-eabi/lib/thumb/v6-m/nofp/libc_nano.a(libc_a-nano-vfprintf_i.o)
                0x0000000008001fec                _printf_common
 *fill*         0x00000000080020ca        0x2 
 .text._printf_i
                0x00000000080020cc      0x234 /Users/sizweletanta/Library/Application Support/Code/User/globalStorage/bmd.stm32-for-vscode/@xpack-dev-tools/arm-none-eabi-gcc/12.2.1-1.2.1/.content/bin/../lib/gcc/arm-none-eabi/12.2.1/../../../../arm-none-eabi/lib/thumb/v6-m/nofp/libc_nano.a(libc_a-nano-vfprintf_i.o)
                0x00000000080020cc                _printf_i
 .text.__malloc_lock
                0x0000000008002300       0x10 /Users/sizweletanta/Library/Application Support/Code/User/globalStorage/bmd.stm32-for-vscode/@xpack-dev-tools/arm-none-eabi-gcc/12.2.1-1.2.1/.content/bin/../lib/gcc/arm-none-eabi/12.2.1/../../../../arm-none-eabi/lib/thumb/v6-m/nofp/libc_nano.a(libc_a-mlock.o)
                0x0000000008002300                __malloc_lock
 .text.__malloc_unlock
                0x0000000008002310       0x10 /Users/sizweletanta/Library/Application Support/Code/User/globalStorage/bmd.stm32-for-vscode/@xpack-dev-tools/arm-none-eabi-gcc/12.2.1-1.2.1/.content/bin/../lib/gcc/arm-none-eabi/12.2.1/../../../../arm-none-eabi/lib/thumb/v6-m/nofp/libc_nano.a(libc_a-mlock.o)
                0x0000000008002310                __malloc_unlock
 .text._realloc_r
                0x0000000008002320       0x5e /Users/sizweletanta/Library/Application Support/Code/User/globalStorage/bmd.stm32-for-vscode/@xpack-dev-tools/arm-none-eabi-gcc/12.2.1-1.2.1/.content/bin/../lib/gcc/arm-none-eabi/12.2.1/../../../../arm-none-eabi/lib/thumb/v6-m/nofp/libc_nano.a(libc_a-reallocr.o)
                0x0000000008002320                _realloc_r
 .text.memmove  0x000000000800237e       0x26 /Users/sizweletanta/Library/Application Support/Code/User/globalStorage/bmd.stm32-for-vscode/@xpack-dev-tools/arm-none-eabi-gcc/12.2.1-1.2.1/.content/bin/../lib/gcc/arm-none-eabi/12.2.1/../../../../arm-none-eabi/lib/thumb/v6-m/nofp/libc_nano.a(libc_a-memmove.o)
                0x000000000800237e                memmove
 .text._sbrk_r  0x00000000080023a4       0x24 /Users/sizweletanta/Library/Application Support/Code/User/globalStorage/bmd.stm32-for-vscode/@xpack-dev-tools/arm-none-eabi-gcc/12.2.1-1.2.1/.content/bin/../lib/gcc/arm-none-eabi/12.2.1/../../../../arm-none-eabi/lib/thumb/v6-m/nofp/libc_nano.a(libc_a-sbrkr.o)
                0x00000000080023a4                _sbrk_r
 .text.memchr   0x00000000080023c8       0x16 /Users/sizweletanta/Library/Application Support/Code/User/globalStorage/bmd.stm32-for-vscode/@xpack-dev-tools/arm-none-eabi-gcc/12.2.1-1.2.1/.content/bin/../lib/gcc/arm-none-eabi/12.2.1/../../../../arm-none-eabi/lib/thumb/v6-m/nofp/libc_nano.a(libc_a-memchr-stub.o)
                0x00000000080023c8                memchr
 .text.memcpy   0x00000000080023de       0x12 /Users/sizweletanta/Library/Application Support/Code/User/globalStorage/bmd.stm32-for-vscode/@xpack-dev-tools/arm-none-eabi-gcc/12.2.1-1.2.1/.content/bin/../lib/gcc/arm-none-eabi/12.2.1/../../../../arm-none-eabi/lib/thumb/v6-m/nofp/libc_nano.a(libc_a-memcpy-stub.o)
                0x00000000080023de                memcpy
 .text._free_r  0x00000000080023f0       0x94 /Users/sizweletanta/Library/Application Support/Code/User/globalStorage/bmd.stm32-for-vscode/@xpack-dev-tools/arm-none-eabi-gcc/12.2.1-1.2.1/.content/bin/../lib/gcc/arm-none-eabi/12.2.1/../../../../arm-none-eabi/lib/thumb/v6-m/nofp/libc_nano.a(libc_a-freer.o)
                0x00000000080023f0                _free_r
 .text._malloc_usable_size_r
                0x0000000008002484       0x10 /Users/sizweletanta/Library/Application Support/Code/User/globalStorage/bmd.stm32-for-vscode/@xpack-dev-tools/arm-none-eabi-gcc/12.2.1-1.2.1/.content/bin/../lib/gcc/arm-none-eabi/12.2.1/../../../../arm-none-eabi/lib/thumb/v6-m/nofp/libc_nano.a(libc_a-msizer.o)
                0x0000000008002484                _malloc_usable_size_r
 .text._sbrk    0x0000000008002494       0x1c /Users/sizweletanta/Library/Application Support/Code/User/globalStorage/bmd.stm32-for-vscode/@xpack-dev-tools/arm-none-eabi-gcc/12.2.1-1.2.1/.content/bin/../lib/gcc/arm-none-eabi/12.2.1/../../../../arm-none-eabi/lib/thumb/v6-m/nofp/libnosys.a(sbrk.o)
                0x0000000008002494                _sbrk
 *(.glue_7)
 .glue_7        0x00000000080024b0        0x0 linker stubs
 *(.glue_7t)
 .glue_7t       0x00000000080024b0        0x0 linker stubs
 *(.eh_frame)
 .eh_frame      0x00000000080024b0        0x0 /Users/sizweletanta/Library/Application Support/Code/User/globalStorage/bmd.stm32-for-vscode/@xpack-dev-tools/arm-none-eabi-gcc/12.2.1-1.2.1/.content/bin/../lib/gcc/arm-none-eabi/12.2.1/thumb/v6-m/nofp/crtbegin.o
 *(.init)
 .init          0x00000000080024b0        0x4 /Users/sizweletanta/Library/Application Support/Code/User/globalStorage/bmd.stm32-for-vscode/@xpack-dev-tools/arm-none-eabi-gcc/12.2.1-1.2.1/.content/bin/../lib/gcc/arm-none-eabi/12.2.1/thumb/v6-m/nofp/crti.o
                0x00000000080024b0                _init
 .init          0x00000000080024b4        0x8 /Users/sizweletanta/Library/Application Support/Code/User/globalStorage/bmd.stm32-for-vscode/@xpack-dev-tools/arm-none-eabi-gcc/12.2.1-1.2.1/.content/bin/../lib/gcc/arm-none-eabi/12.2.1/thumb/v6-m/nofp/crtn.o
 *(.fini)
 .fini          0x00000000080024bc        0x4 /Users/sizweletanta/Library/Application Support/Code/User/globalStorage/bmd.stm32-for-vscode/@xpack-dev-tools/arm-none-eabi-gcc/12.2.1-1.2.1/.content/bin/../lib/gcc/arm-none-eabi/12.2.1/thumb/v6-m/nofp/crti.o
                0x00000000080024bc                _fini
 .fini          0x00000000080024c0        0x8 /Users/sizweletanta/Library/Application Support/Code/User/globalStorage/bmd.stm32-for-vscode/@xpack-dev-tools/arm-none-eabi-gcc/12.2.1-1.2.1/.content/bin/../lib/gcc/arm-none-eabi/12.2.1/thumb/v6-m/nofp/crtn.o
                0x00000000080024c8                . = ALIGN (0x4)
                0x00000000080024c8                _etext = .

.vfp11_veneer   0x00000000080024c8        0x0
 .vfp11_veneer  0x00000000080024c8        0x0 linker stubs

.v4_bx          0x00000000080024c8        0x0
 .v4_bx         0x00000000080024c8        0x0 linker stubs

.iplt           0x00000000080024c8        0x0
 .iplt          0x00000000080024c8        0x0 /Users/sizweletanta/Library/Application Support/Code/User/globalStorage/bmd.stm32-for-vscode/@xpack-dev-tools/arm-none-eabi-gcc/12.2.1-1.2.1/.content/bin/../lib/gcc/arm-none-eabi/12.2.1/thumb/v6-m/nofp/crtbegin.o

.rodata         0x00000000080024c8       0x38
                0x00000000080024c8                . = ALIGN (0x4)
 *(.rodata)
 *(.rodata*)
 .rodata.main.str1.4
                0x00000000080024c8        0x4 build/main.o
 .rodata._svfprintf_r.str1.1
                0x00000000080024cc       0x11 /Users/sizweletanta/Library/Application Support/Code/User/globalStorage/bmd.stm32-for-vscode/@xpack-dev-tools/arm-none-eabi-gcc/12.2.1-1.2.1/.content/bin/../lib/gcc/arm-none-eabi/12.2.1/../../../../arm-none-eabi/lib/thumb/v6-m/nofp/libc_nano.a(libc_a-nano-svfprintf.o)
 .rodata._printf_i.str1.1
                0x00000000080024dd       0x22 /Users/sizweletanta/Library/Application Support/Code/User/globalStorage/bmd.stm32-for-vscode/@xpack-dev-tools/arm-none-eabi-gcc/12.2.1-1.2.1/.content/bin/../lib/gcc/arm-none-eabi/12.2.1/../../../../arm-none-eabi/lib/thumb/v6-m/nofp/libc_nano.a(libc_a-nano-vfprintf_i.o)
                0x0000000008002500                . = ALIGN (0x4)
 *fill*         0x00000000080024ff        0x1 

.rel.dyn        0x0000000008002500        0x0
 .rel.iplt      0x0000000008002500        0x0 /Users/sizweletanta/Library/Application Support/Code/User/globalStorage/bmd.stm32-for-vscode/@xpack-dev-tools/arm-none-eabi-gcc/12.2.1-1.2.1/.content/bin/../lib/gcc/arm-none-eabi/12.2.1/thumb/v6-m/nofp/crtbegin.o

.ARM.extab      0x0000000008002500        0x0
                0x0000000008002500                . = ALIGN (0x4)
 *(.ARM.extab* .gnu.linkonce.armextab.*)
                0x0000000008002500                . = ALIGN (0x4)

.ARM            0x0000000008002500        0x0
                0x0000000008002500                . = ALIGN (0x4)
                0x0000000008002500                __exidx_start = .
 *(.ARM.exidx*)
                0x0000000008002500                __exidx_end = .
                0x0000000008002500                . = ALIGN (0x4)

.preinit_array  0x0000000008002500        0x0
                0x0000000008002500                . = ALIGN (0x4)
                0x0000000008002500                PROVIDE (__preinit_array_start = .)
 *(.preinit_array*)
                0x0000000008002500                PROVIDE (__preinit_array_end = .)
                0x0000000008002500                . = ALIGN (0x4)

.init_array     0x0000000008002500        0x4
                0x0000000008002500                . = ALIGN (0x4)
                0x0000000008002500                PROVIDE (__init_array_start = .)
 *(SORT_BY_NAME(.init_array.*))
 *(.init_array*)
 .init_array    0x0000000008002500        0x4 /Users/sizweletanta/Library/Application Support/Code/User/globalStorage/bmd.stm32-for-vscode/@xpack-dev-tools/arm-none-eabi-gcc/12.2.1-1.2.1/.content/bin/../lib/gcc/arm-none-eabi/12.2.1/thumb/v6-m/nofp/crtbegin.o
                0x0000000008002504                PROVIDE (__init_array_end = .)
                0x0000000008002504                . = ALIGN (0x4)

.fini_array     0x0000000008002504        0x4
                0x0000000008002504                . = ALIGN (0x4)
                0x0000000008002504                PROVIDE (__fini_array_start = .)
 *(SORT_BY_NAME(.fini_array.*))
 *(.fini_array*)
 .fini_array    0x0000000008002504        0x4 /Users/sizweletanta/Library/Application Support/Code/User/globalStorage/bmd.stm32-for-vscode/@xpack-dev-tools/arm-none-eabi-gcc/12.2.1-1.2.1/.content/bin/../lib/gcc/arm-none-eabi/12.2.1/thumb/v6-m/nofp/crtbegin.o
                0x0000000008002508                PROVIDE (__fini_array_end = .)
                0x0000000008002508                . = ALIGN (0x4)
                0x0000000008002508                _sidata = LOADADDR (.data)

.data           0x0000000020000000       0x60 load address 0x0000000008002508
                0x0000000020000000                . = ALIGN (0x4)
                0x0000000020000000                _sdata = .
 *(.data)
 *(.data*)
 .data.delay_t  0x0000000020000000        0x4 build/main.o
                0x0000000020000000                delay_t
 .data.SystemCoreClock
                0x0000000020000004        0x4 build/system_stm32f0xx.o
                0x0000000020000004                SystemCoreClock
 .data.uwTickFreq
                0x0000000020000008        0x1 build/stm32f0xx_hal.o
                0x0000000020000008                uwTickFreq
 *fill*         0x0000000020000009        0x3 
 .data.uwTickPrio
                0x000000002000000c        0x4 build/stm32f0xx_hal.o
                0x000000002000000c                uwTickPrio
 .data._impure_ptr
                0x0000000020000010        0x4 /Users/sizweletanta/Library/Application Support/Code/User/globalStorage/bmd.stm32-for-vscode/@xpack-dev-tools/arm-none-eabi-gcc/12.2.1-1.2.1/.content/bin/../lib/gcc/arm-none-eabi/12.2.1/../../../../arm-none-eabi/lib/thumb/v6-m/nofp/libc_nano.a(libc_a-impure.o)
                0x0000000020000010                _impure_ptr
 .data._impure_data
                0x0000000020000014       0x4c /Users/sizweletanta/Library/Application Support/Code/User/globalStorage/bmd.stm32-for-vscode/@xpack-dev-tools/arm-none-eabi-gcc/12.2.1-1.2.1/.content/bin/../lib/gcc/arm-none-eabi/12.2.1/../../../../arm-none-eabi/lib/thumb/v6-m/nofp/libc_nano.a(libc_a-impure.o)
                0x0000000020000014                _impure_data
 *(.RamFunc)
 *(.RamFunc*)
                0x0000000020000060                . = ALIGN (0x4)
                0x0000000020000060                _edata = .

.igot.plt       0x0000000020000060        0x0 load address 0x0000000008002568
 .igot.plt      0x0000000020000060        0x0 /Users/sizweletanta/Library/Application Support/Code/User/globalStorage/bmd.stm32-for-vscode/@xpack-dev-tools/arm-none-eabi-gcc/12.2.1-1.2.1/.content/bin/../lib/gcc/arm-none-eabi/12.2.1/thumb/v6-m/nofp/crtbegin.o
                0x0000000020000060                . = ALIGN (0x4)

.bss            0x0000000020000060      0x200 load address 0x0000000008002568
                0x0000000020000060                _sbss = .
                0x0000000020000060                __bss_start__ = _sbss
 *(.bss)
 *(.bss*)
 .bss.completed.1
                0x0000000020000060        0x1 /Users/sizweletanta/Library/Application Support/Code/User/globalStorage/bmd.stm32-for-vscode/@xpack-dev-tools/arm-none-eabi-gcc/12.2.1-1.2.1/.content/bin/../lib/gcc/arm-none-eabi/12.2.1/thumb/v6-m/nofp/crtbegin.o
 *fill*         0x0000000020000061        0x3 
 .bss.object.0  0x0000000020000064       0x18 /Users/sizweletanta/Library/Application Support/Code/User/globalStorage/bmd.stm32-for-vscode/@xpack-dev-tools/arm-none-eabi-gcc/12.2.1-1.2.1/.content/bin/../lib/gcc/arm-none-eabi/12.2.1/thumb/v6-m/nofp/crtbegin.o
 .bss.adc_val   0x000000002000007c        0x4 build/main.o
                0x000000002000007c                adc_val
 .bss.curr_millis
                0x0000000020000080        0x4 build/main.o
                0x0000000020000080                curr_millis
 .bss.prev_millis
                0x0000000020000084        0x4 build/main.o
                0x0000000020000084                prev_millis
 .bss.htim3     0x0000000020000088       0x48 build/main.o
                0x0000000020000088                htim3
 .bss.hadc      0x00000000200000d0       0x40 build/main.o
                0x00000000200000d0                hadc
 .bss.uwTick    0x0000000020000110        0x4 build/stm32f0xx_hal.o
                0x0000000020000110                uwTick
 .bss.__sf      0x0000000020000114      0x138 /Users/sizweletanta/Library/Application Support/Code/User/globalStorage/bmd.stm32-for-vscode/@xpack-dev-tools/arm-none-eabi-gcc/12.2.1-1.2.1/.content/bin/../lib/gcc/arm-none-eabi/12.2.1/../../../../arm-none-eabi/lib/thumb/v6-m/nofp/libc_nano.a(libc_a-findfp.o)
                0x0000000020000114                __sf
 .bss.__lock___malloc_recursive_mutex
                0x000000002000024c        0x1 /Users/sizweletanta/Library/Application Support/Code/User/globalStorage/bmd.stm32-for-vscode/@xpack-dev-tools/arm-none-eabi-gcc/12.2.1-1.2.1/.content/bin/../lib/gcc/arm-none-eabi/12.2.1/../../../../arm-none-eabi/lib/thumb/v6-m/nofp/libc_nano.a(libc_a-lock.o)
                0x000000002000024c                __lock___malloc_recursive_mutex
 *fill*         0x000000002000024d        0x3 
 .bss.__malloc_sbrk_start
                0x0000000020000250        0x4 /Users/sizweletanta/Library/Application Support/Code/User/globalStorage/bmd.stm32-for-vscode/@xpack-dev-tools/arm-none-eabi-gcc/12.2.1-1.2.1/.content/bin/../lib/gcc/arm-none-eabi/12.2.1/../../../../arm-none-eabi/lib/thumb/v6-m/nofp/libc_nano.a(libc_a-mallocr.o)
                0x0000000020000250                __malloc_sbrk_start
 .bss.__malloc_free_list
                0x0000000020000254        0x4 /Users/sizweletanta/Library/Application Support/Code/User/globalStorage/bmd.stm32-for-vscode/@xpack-dev-tools/arm-none-eabi-gcc/12.2.1-1.2.1/.content/bin/../lib/gcc/arm-none-eabi/12.2.1/../../../../arm-none-eabi/lib/thumb/v6-m/nofp/libc_nano.a(libc_a-mallocr.o)
                0x0000000020000254                __malloc_free_list
 .bss.errno     0x0000000020000258        0x4 /Users/sizweletanta/Library/Application Support/Code/User/globalStorage/bmd.stm32-for-vscode/@xpack-dev-tools/arm-none-eabi-gcc/12.2.1-1.2.1/.content/bin/../lib/gcc/arm-none-eabi/12.2.1/../../../../arm-none-eabi/lib/thumb/v6-m/nofp/libc_nano.a(libc_a-reent.o)
                0x0000000020000258                errno
 .bss.heap_end.0
                0x000000002000025c        0x4 /Users/sizweletanta/Library/Application Support/Code/User/globalStorage/bmd.stm32-for-vscode/@xpack-dev-tools/arm-none-eabi-gcc/12.2.1-1.2.1/.content/bin/../lib/gcc/arm-none-eabi/12.2.1/../../../../arm-none-eabi/lib/thumb/v6-m/nofp/libnosys.a(sbrk.o)
 *(COMMON)
                0x0000000020000260                . = ALIGN (0x4)
                0x0000000020000260                _ebss = .
                0x0000000020000260                __bss_end__ = _ebss

._user_heap_stack
                0x0000000020000260      0x600 load address 0x0000000008002568
                0x0000000020000260                . = ALIGN (0x8)
                0x0000000020000260                PROVIDE (end = .)
                [!provide]                        PROVIDE (_end = .)
                0x0000000020000460                . = (. + _Min_Heap_Size)
 *fill*         0x0000000020000260      0x200 
                0x0000000020000860                . = (. + _Min_Stack_Size)
 *fill*         0x0000000020000460      0x400 
                0x0000000020000860                . = ALIGN (0x8)

/DISCARD/
 libc.a(*)
 libm.a(*)
 libgcc.a(*)

.ARM.attributes
                0x0000000000000000       0x28
 *(.ARM.attributes)
 .ARM.attributes
                0x0000000000000000       0x1e /Users/sizweletanta/Library/Application Support/Code/User/globalStorage/bmd.stm32-for-vscode/@xpack-dev-tools/arm-none-eabi-gcc/12.2.1-1.2.1/.content/bin/../lib/gcc/arm-none-eabi/12.2.1/thumb/v6-m/nofp/crti.o
 .ARM.attributes
                0x000000000000001e       0x2c /Users/sizweletanta/Library/Application Support/Code/User/globalStorage/bmd.stm32-for-vscode/@xpack-dev-tools/arm-none-eabi-gcc/12.2.1-1.2.1/.content/bin/../lib/gcc/arm-none-eabi/12.2.1/thumb/v6-m/nofp/crtbegin.o
 .ARM.attributes
                0x000000000000004a       0x2c build/main.o
 .ARM.attributes
                0x0000000000000076       0x2c build/stm32f0xx_hal_msp.o
 .ARM.attributes
                0x00000000000000a2       0x2c build/stm32f0xx_it.o
 .ARM.attributes
                0x00000000000000ce       0x2c build/system_stm32f0xx.o
 .ARM.attributes
                0x00000000000000fa       0x2c build/stm32f0xx_hal.o
 .ARM.attributes
                0x0000000000000126       0x2c build/stm32f0xx_hal_adc.o
 .ARM.attributes
                0x0000000000000152       0x2c build/stm32f0xx_hal_cortex.o
 .ARM.attributes
                0x000000000000017e       0x2c build/stm32f0xx_hal_gpio.o
 .ARM.attributes
                0x00000000000001aa       0x2c build/stm32f0xx_hal_tim.o
 .ARM.attributes
                0x00000000000001d6       0x2c build/stm32f0xx_hal_tim_ex.o
 .ARM.attributes
                0x0000000000000202       0x2c build/stm32f0xx_ll_exti.o
 .ARM.attributes
                0x000000000000022e       0x2c build/stm32f0xx_ll_gpio.o
 .ARM.attributes
                0x000000000000025a       0x2c build/stm32f0xx_ll_utils.o
 .ARM.attributes
                0x0000000000000286       0x21 build/startup_stm32f051x8.o
 .ARM.attributes
                0x00000000000002a7       0x2c /Users/sizweletanta/Library/Application Support/Code/User/globalStorage/bmd.stm32-for-vscode/@xpack-dev-tools/arm-none-eabi-gcc/12.2.1-1.2.1/.content/bin/../lib/gcc/arm-none-eabi/12.2.1/../../../../arm-none-eabi/lib/thumb/v6-m/nofp/libc_nano.a(libc_a-sprintf.o)
 .ARM.attributes
                0x00000000000002d3       0x2c /Users/sizweletanta/Library/Application Support/Code/User/globalStorage/bmd.stm32-for-vscode/@xpack-dev-tools/arm-none-eabi-gcc/12.2.1-1.2.1/.content/bin/../lib/gcc/arm-none-eabi/12.2.1/../../../../arm-none-eabi/lib/thumb/v6-m/nofp/libc_nano.a(libc_a-findfp.o)
 .ARM.attributes
                0x00000000000002ff       0x2c /Users/sizweletanta/Library/Application Support/Code/User/globalStorage/bmd.stm32-for-vscode/@xpack-dev-tools/arm-none-eabi-gcc/12.2.1-1.2.1/.content/bin/../lib/gcc/arm-none-eabi/12.2.1/../../../../arm-none-eabi/lib/thumb/v6-m/nofp/libc_nano.a(libc_a-memset.o)
 .ARM.attributes
                0x000000000000032b       0x2c /Users/sizweletanta/Library/Application Support/Code/User/globalStorage/bmd.stm32-for-vscode/@xpack-dev-tools/arm-none-eabi-gcc/12.2.1-1.2.1/.content/bin/../lib/gcc/arm-none-eabi/12.2.1/../../../../arm-none-eabi/lib/thumb/v6-m/nofp/libc_nano.a(libc_a-impure.o)
 .ARM.attributes
                0x0000000000000357       0x2c /Users/sizweletanta/Library/Application Support/Code/User/globalStorage/bmd.stm32-for-vscode/@xpack-dev-tools/arm-none-eabi-gcc/12.2.1-1.2.1/.content/bin/../lib/gcc/arm-none-eabi/12.2.1/../../../../arm-none-eabi/lib/thumb/v6-m/nofp/libc_nano.a(libc_a-init.o)
 .ARM.attributes
                0x0000000000000383       0x2c /Users/sizweletanta/Library/Application Support/Code/User/globalStorage/bmd.stm32-for-vscode/@xpack-dev-tools/arm-none-eabi-gcc/12.2.1-1.2.1/.content/bin/../lib/gcc/arm-none-eabi/12.2.1/../../../../arm-none-eabi/lib/thumb/v6-m/nofp/libc_nano.a(libc_a-lock.o)
 .ARM.attributes
                0x00000000000003af       0x2c /Users/sizweletanta/Library/Application Support/Code/User/globalStorage/bmd.stm32-for-vscode/@xpack-dev-tools/arm-none-eabi-gcc/12.2.1-1.2.1/.content/bin/../lib/gcc/arm-none-eabi/12.2.1/../../../../arm-none-eabi/lib/thumb/v6-m/nofp/libc_nano.a(libc_a-nano-svfprintf.o)
 .ARM.attributes
                0x00000000000003db       0x2c /Users/sizweletanta/Library/Application Support/Code/User/globalStorage/bmd.stm32-for-vscode/@xpack-dev-tools/arm-none-eabi-gcc/12.2.1-1.2.1/.content/bin/../lib/gcc/arm-none-eabi/12.2.1/../../../../arm-none-eabi/lib/thumb/v6-m/nofp/libc_nano.a(libc_a-mallocr.o)
 .ARM.attributes
                0x0000000000000407       0x2c /Users/sizweletanta/Library/Application Support/Code/User/globalStorage/bmd.stm32-for-vscode/@xpack-dev-tools/arm-none-eabi-gcc/12.2.1-1.2.1/.content/bin/../lib/gcc/arm-none-eabi/12.2.1/../../../../arm-none-eabi/lib/thumb/v6-m/nofp/libc_nano.a(libc_a-nano-vfprintf_i.o)
 .ARM.attributes
                0x0000000000000433       0x2c /Users/sizweletanta/Library/Application Support/Code/User/globalStorage/bmd.stm32-for-vscode/@xpack-dev-tools/arm-none-eabi-gcc/12.2.1-1.2.1/.content/bin/../lib/gcc/arm-none-eabi/12.2.1/../../../../arm-none-eabi/lib/thumb/v6-m/nofp/libc_nano.a(libc_a-mlock.o)
 .ARM.attributes
                0x000000000000045f       0x2c /Users/sizweletanta/Library/Application Support/Code/User/globalStorage/bmd.stm32-for-vscode/@xpack-dev-tools/arm-none-eabi-gcc/12.2.1-1.2.1/.content/bin/../lib/gcc/arm-none-eabi/12.2.1/../../../../arm-none-eabi/lib/thumb/v6-m/nofp/libc_nano.a(libc_a-reallocr.o)
 .ARM.attributes
                0x000000000000048b       0x2c /Users/sizweletanta/Library/Application Support/Code/User/globalStorage/bmd.stm32-for-vscode/@xpack-dev-tools/arm-none-eabi-gcc/12.2.1-1.2.1/.content/bin/../lib/gcc/arm-none-eabi/12.2.1/../../../../arm-none-eabi/lib/thumb/v6-m/nofp/libc_nano.a(libc_a-memmove.o)
 .ARM.attributes
                0x00000000000004b7       0x2c /Users/sizweletanta/Library/Application Support/Code/User/globalStorage/bmd.stm32-for-vscode/@xpack-dev-tools/arm-none-eabi-gcc/12.2.1-1.2.1/.content/bin/../lib/gcc/arm-none-eabi/12.2.1/../../../../arm-none-eabi/lib/thumb/v6-m/nofp/libc_nano.a(libc_a-reent.o)
 .ARM.attributes
                0x00000000000004e3       0x2c /Users/sizweletanta/Library/Application Support/Code/User/globalStorage/bmd.stm32-for-vscode/@xpack-dev-tools/arm-none-eabi-gcc/12.2.1-1.2.1/.content/bin/../lib/gcc/arm-none-eabi/12.2.1/../../../../arm-none-eabi/lib/thumb/v6-m/nofp/libc_nano.a(libc_a-sbrkr.o)
 .ARM.attributes
                0x000000000000050f       0x2c /Users/sizweletanta/Library/Application Support/Code/User/globalStorage/bmd.stm32-for-vscode/@xpack-dev-tools/arm-none-eabi-gcc/12.2.1-1.2.1/.content/bin/../lib/gcc/arm-none-eabi/12.2.1/../../../../arm-none-eabi/lib/thumb/v6-m/nofp/libc_nano.a(libc_a-memchr-stub.o)
 .ARM.attributes
                0x000000000000053b       0x2c /Users/sizweletanta/Library/Application Support/Code/User/globalStorage/bmd.stm32-for-vscode/@xpack-dev-tools/arm-none-eabi-gcc/12.2.1-1.2.1/.content/bin/../lib/gcc/arm-none-eabi/12.2.1/../../../../arm-none-eabi/lib/thumb/v6-m/nofp/libc_nano.a(libc_a-memcpy-stub.o)
 .ARM.attributes
                0x0000000000000567       0x2c /Users/sizweletanta/Library/Application Support/Code/User/globalStorage/bmd.stm32-for-vscode/@xpack-dev-tools/arm-none-eabi-gcc/12.2.1-1.2.1/.content/bin/../lib/gcc/arm-none-eabi/12.2.1/../../../../arm-none-eabi/lib/thumb/v6-m/nofp/libc_nano.a(libc_a-freer.o)
 .ARM.attributes
                0x0000000000000593       0x2c /Users/sizweletanta/Library/Application Support/Code/User/globalStorage/bmd.stm32-for-vscode/@xpack-dev-tools/arm-none-eabi-gcc/12.2.1-1.2.1/.content/bin/../lib/gcc/arm-none-eabi/12.2.1/../../../../arm-none-eabi/lib/thumb/v6-m/nofp/libc_nano.a(libc_a-msizer.o)
 .ARM.attributes
                0x00000000000005bf       0x2c /Users/sizweletanta/Library/Application Support/Code/User/globalStorage/bmd.stm32-for-vscode/@xpack-dev-tools/arm-none-eabi-gcc/12.2.1-1.2.1/.content/bin/../lib/gcc/arm-none-eabi/12.2.1/../../../../arm-none-eabi/lib/thumb/v6-m/nofp/libnosys.a(sbrk.o)
 .ARM.attributes
                0x00000000000005eb       0x1e /Users/sizweletanta/Library/Application Support/Code/User/globalStorage/bmd.stm32-for-vscode/@xpack-dev-tools/arm-none-eabi-gcc/12.2.1-1.2.1/.content/bin/../lib/gcc/arm-none-eabi/12.2.1/thumb/v6-m/nofp/libgcc.a(_thumb1_case_shi.o)
 .ARM.attributes
                0x0000000000000609       0x1e /Users/sizweletanta/Library/Application Support/Code/User/globalStorage/bmd.stm32-for-vscode/@xpack-dev-tools/arm-none-eabi-gcc/12.2.1-1.2.1/.content/bin/../lib/gcc/arm-none-eabi/12.2.1/thumb/v6-m/nofp/libgcc.a(_udivsi3.o)
 .ARM.attributes
                0x0000000000000627       0x1e /Users/sizweletanta/Library/Application Support/Code/User/globalStorage/bmd.stm32-for-vscode/@xpack-dev-tools/arm-none-eabi-gcc/12.2.1-1.2.1/.content/bin/../lib/gcc/arm-none-eabi/12.2.1/thumb/v6-m/nofp/libgcc.a(_dvmd_tls.o)
 .ARM.attributes
                0x0000000000000645       0x1e /Users/sizweletanta/Library/Application Support/Code/User/globalStorage/bmd.stm32-for-vscode/@xpack-dev-tools/arm-none-eabi-gcc/12.2.1-1.2.1/.content/bin/../lib/gcc/arm-none-eabi/12.2.1/thumb/v6-m/nofp/crtn.o
OUTPUT(build/EEE2046Prac.elf elf32-littlearm)
LOAD linker stubs
LOAD /Users/sizweletanta/Library/Application Support/Code/User/globalStorage/bmd.stm32-for-vscode/@xpack-dev-tools/arm-none-eabi-gcc/12.2.1-1.2.1/.content/bin/../lib/gcc/arm-none-eabi/12.2.1/../../../../arm-none-eabi/lib/thumb/v6-m/nofp/libc.a
LOAD /Users/sizweletanta/Library/Application Support/Code/User/globalStorage/bmd.stm32-for-vscode/@xpack-dev-tools/arm-none-eabi-gcc/12.2.1-1.2.1/.content/bin/../lib/gcc/arm-none-eabi/12.2.1/../../../../arm-none-eabi/lib/thumb/v6-m/nofp/libm.a
LOAD /Users/sizweletanta/Library/Application Support/Code/User/globalStorage/bmd.stm32-for-vscode/@xpack-dev-tools/arm-none-eabi-gcc/12.2.1-1.2.1/.content/bin/../lib/gcc/arm-none-eabi/12.2.1/thumb/v6-m/nofp/libgcc.a

.comment        0x0000000000000000       0x38
 .comment       0x0000000000000000       0x38 /Users/sizweletanta/Library/Application Support/Code/User/globalStorage/bmd.stm32-for-vscode/@xpack-dev-tools/arm-none-eabi-gcc/12.2.1-1.2.1/.content/bin/../lib/gcc/arm-none-eabi/12.2.1/thumb/v6-m/nofp/crtbegin.o
                                         0x39 (size before relaxing)
 .comment       0x0000000000000038       0x39 build/main.o
 .comment       0x0000000000000038       0x39 build/stm32f0xx_hal_msp.o
 .comment       0x0000000000000038       0x39 build/stm32f0xx_it.o
 .comment       0x0000000000000038       0x39 build/system_stm32f0xx.o
 .comment       0x0000000000000038       0x39 build/stm32f0xx_hal.o
 .comment       0x0000000000000038       0x39 build/stm32f0xx_hal_adc.o
 .comment       0x0000000000000038       0x39 build/stm32f0xx_hal_cortex.o
 .comment       0x0000000000000038       0x39 build/stm32f0xx_hal_gpio.o
 .comment       0x0000000000000038       0x39 build/stm32f0xx_hal_tim.o
 .comment       0x0000000000000038       0x39 build/stm32f0xx_hal_tim_ex.o
 .comment       0x0000000000000038       0x39 build/stm32f0xx_ll_exti.o
 .comment       0x0000000000000038       0x39 build/stm32f0xx_ll_gpio.o
 .comment       0x0000000000000038       0x39 build/stm32f0xx_ll_utils.o
 .comment       0x0000000000000038       0x39 /Users/sizweletanta/Library/Application Support/Code/User/globalStorage/bmd.stm32-for-vscode/@xpack-dev-tools/arm-none-eabi-gcc/12.2.1-1.2.1/.content/bin/../lib/gcc/arm-none-eabi/12.2.1/../../../../arm-none-eabi/lib/thumb/v6-m/nofp/libc_nano.a(libc_a-sprintf.o)
 .comment       0x0000000000000038       0x39 /Users/sizweletanta/Library/Application Support/Code/User/globalStorage/bmd.stm32-for-vscode/@xpack-dev-tools/arm-none-eabi-gcc/12.2.1-1.2.1/.content/bin/../lib/gcc/arm-none-eabi/12.2.1/../../../../arm-none-eabi/lib/thumb/v6-m/nofp/libc_nano.a(libc_a-findfp.o)
 .comment       0x0000000000000038       0x39 /Users/sizweletanta/Library/Application Support/Code/User/globalStorage/bmd.stm32-for-vscode/@xpack-dev-tools/arm-none-eabi-gcc/12.2.1-1.2.1/.content/bin/../lib/gcc/arm-none-eabi/12.2.1/../../../../arm-none-eabi/lib/thumb/v6-m/nofp/libc_nano.a(libc_a-memset.o)
 .comment       0x0000000000000038       0x39 /Users/sizweletanta/Library/Application Support/Code/User/globalStorage/bmd.stm32-for-vscode/@xpack-dev-tools/arm-none-eabi-gcc/12.2.1-1.2.1/.content/bin/../lib/gcc/arm-none-eabi/12.2.1/../../../../arm-none-eabi/lib/thumb/v6-m/nofp/libc_nano.a(libc_a-impure.o)
 .comment       0x0000000000000038       0x39 /Users/sizweletanta/Library/Application Support/Code/User/globalStorage/bmd.stm32-for-vscode/@xpack-dev-tools/arm-none-eabi-gcc/12.2.1-1.2.1/.content/bin/../lib/gcc/arm-none-eabi/12.2.1/../../../../arm-none-eabi/lib/thumb/v6-m/nofp/libc_nano.a(libc_a-init.o)
 .comment       0x0000000000000038       0x39 /Users/sizweletanta/Library/Application Support/Code/User/globalStorage/bmd.stm32-for-vscode/@xpack-dev-tools/arm-none-eabi-gcc/12.2.1-1.2.1/.content/bin/../lib/gcc/arm-none-eabi/12.2.1/../../../../arm-none-eabi/lib/thumb/v6-m/nofp/libc_nano.a(libc_a-lock.o)
 .comment       0x0000000000000038       0x39 /Users/sizweletanta/Library/Application Support/Code/User/globalStorage/bmd.stm32-for-vscode/@xpack-dev-tools/arm-none-eabi-gcc/12.2.1-1.2.1/.content/bin/../lib/gcc/arm-none-eabi/12.2.1/../../../../arm-none-eabi/lib/thumb/v6-m/nofp/libc_nano.a(libc_a-nano-svfprintf.o)
 .comment       0x0000000000000038       0x39 /Users/sizweletanta/Library/Application Support/Code/User/globalStorage/bmd.stm32-for-vscode/@xpack-dev-tools/arm-none-eabi-gcc/12.2.1-1.2.1/.content/bin/../lib/gcc/arm-none-eabi/12.2.1/../../../../arm-none-eabi/lib/thumb/v6-m/nofp/libc_nano.a(libc_a-mallocr.o)
 .comment       0x0000000000000038       0x39 /Users/sizweletanta/Library/Application Support/Code/User/globalStorage/bmd.stm32-for-vscode/@xpack-dev-tools/arm-none-eabi-gcc/12.2.1-1.2.1/.content/bin/../lib/gcc/arm-none-eabi/12.2.1/../../../../arm-none-eabi/lib/thumb/v6-m/nofp/libc_nano.a(libc_a-nano-vfprintf_i.o)
 .comment       0x0000000000000038       0x39 /Users/sizweletanta/Library/Application Support/Code/User/globalStorage/bmd.stm32-for-vscode/@xpack-dev-tools/arm-none-eabi-gcc/12.2.1-1.2.1/.content/bin/../lib/gcc/arm-none-eabi/12.2.1/../../../../arm-none-eabi/lib/thumb/v6-m/nofp/libc_nano.a(libc_a-mlock.o)
 .comment       0x0000000000000038       0x39 /Users/sizweletanta/Library/Application Support/Code/User/globalStorage/bmd.stm32-for-vscode/@xpack-dev-tools/arm-none-eabi-gcc/12.2.1-1.2.1/.content/bin/../lib/gcc/arm-none-eabi/12.2.1/../../../../arm-none-eabi/lib/thumb/v6-m/nofp/libc_nano.a(libc_a-reallocr.o)
 .comment       0x0000000000000038       0x39 /Users/sizweletanta/Library/Application Support/Code/User/globalStorage/bmd.stm32-for-vscode/@xpack-dev-tools/arm-none-eabi-gcc/12.2.1-1.2.1/.content/bin/../lib/gcc/arm-none-eabi/12.2.1/../../../../arm-none-eabi/lib/thumb/v6-m/nofp/libc_nano.a(libc_a-memmove.o)
 .comment       0x0000000000000038       0x39 /Users/sizweletanta/Library/Application Support/Code/User/globalStorage/bmd.stm32-for-vscode/@xpack-dev-tools/arm-none-eabi-gcc/12.2.1-1.2.1/.content/bin/../lib/gcc/arm-none-eabi/12.2.1/../../../../arm-none-eabi/lib/thumb/v6-m/nofp/libc_nano.a(libc_a-reent.o)
 .comment       0x0000000000000038       0x39 /Users/sizweletanta/Library/Application Support/Code/User/globalStorage/bmd.stm32-for-vscode/@xpack-dev-tools/arm-none-eabi-gcc/12.2.1-1.2.1/.content/bin/../lib/gcc/arm-none-eabi/12.2.1/../../../../arm-none-eabi/lib/thumb/v6-m/nofp/libc_nano.a(libc_a-sbrkr.o)
 .comment       0x0000000000000038       0x39 /Users/sizweletanta/Library/Application Support/Code/User/globalStorage/bmd.stm32-for-vscode/@xpack-dev-tools/arm-none-eabi-gcc/12.2.1-1.2.1/.content/bin/../lib/gcc/arm-none-eabi/12.2.1/../../../../arm-none-eabi/lib/thumb/v6-m/nofp/libc_nano.a(libc_a-memchr-stub.o)
 .comment       0x0000000000000038       0x39 /Users/sizweletanta/Library/Application Support/Code/User/globalStorage/bmd.stm32-for-vscode/@xpack-dev-tools/arm-none-eabi-gcc/12.2.1-1.2.1/.content/bin/../lib/gcc/arm-none-eabi/12.2.1/../../../../arm-none-eabi/lib/thumb/v6-m/nofp/libc_nano.a(libc_a-memcpy-stub.o)
 .comment       0x0000000000000038       0x39 /Users/sizweletanta/Library/Application Support/Code/User/globalStorage/bmd.stm32-for-vscode/@xpack-dev-tools/arm-none-eabi-gcc/12.2.1-1.2.1/.content/bin/../lib/gcc/arm-none-eabi/12.2.1/../../../../arm-none-eabi/lib/thumb/v6-m/nofp/libc_nano.a(libc_a-freer.o)
 .comment       0x0000000000000038       0x39 /Users/sizweletanta/Library/Application Support/Code/User/globalStorage/bmd.stm32-for-vscode/@xpack-dev-tools/arm-none-eabi-gcc/12.2.1-1.2.1/.content/bin/../lib/gcc/arm-none-eabi/12.2.1/../../../../arm-none-eabi/lib/thumb/v6-m/nofp/libc_nano.a(libc_a-msizer.o)
 .comment       0x0000000000000038       0x39 /Users/sizweletanta/Library/Application Support/Code/User/globalStorage/bmd.stm32-for-vscode/@xpack-dev-tools/arm-none-eabi-gcc/12.2.1-1.2.1/.content/bin/../lib/gcc/arm-none-eabi/12.2.1/../../../../arm-none-eabi/lib/thumb/v6-m/nofp/libnosys.a(sbrk.o)

.debug_info     0x0000000000000000     0xbcd6
 .debug_info    0x0000000000000000     0x1cd0 build/main.o
 .debug_info    0x0000000000001cd0      0xc76 build/stm32f0xx_hal_msp.o
 .debug_info    0x0000000000002946      0x121 build/stm32f0xx_it.o
 .debug_info    0x0000000000002a67      0x25d build/system_stm32f0xx.o
 .debug_info    0x0000000000002cc4      0x74c build/stm32f0xx_hal.o
 .debug_info    0x0000000000003410      0xf56 build/stm32f0xx_hal_adc.o
 .debug_info    0x0000000000004366      0x7cc build/stm32f0xx_hal_cortex.o
 .debug_info    0x0000000000004b32      0x5ec build/stm32f0xx_hal_gpio.o
 .debug_info    0x000000000000511e     0x3b27 build/stm32f0xx_hal_tim.o
 .debug_info    0x0000000000008c45     0x1a01 build/stm32f0xx_hal_tim_ex.o
 .debug_info    0x000000000000a646      0x4d7 build/stm32f0xx_ll_exti.o
 .debug_info    0x000000000000ab1d      0x76f build/stm32f0xx_ll_gpio.o
 .debug_info    0x000000000000b28c      0xa1c build/stm32f0xx_ll_utils.o
 .debug_info    0x000000000000bca8       0x2e build/startup_stm32f051x8.o

.debug_abbrev   0x0000000000000000     0x1db0
 .debug_abbrev  0x0000000000000000      0x44b build/main.o
 .debug_abbrev  0x000000000000044b      0x1f8 build/stm32f0xx_hal_msp.o
 .debug_abbrev  0x0000000000000643       0xb5 build/stm32f0xx_it.o
 .debug_abbrev  0x00000000000006f8      0x136 build/system_stm32f0xx.o
 .debug_abbrev  0x000000000000082e      0x265 build/stm32f0xx_hal.o
 .debug_abbrev  0x0000000000000a93      0x22f build/stm32f0xx_hal_adc.o
 .debug_abbrev  0x0000000000000cc2      0x2ec build/stm32f0xx_hal_cortex.o
 .debug_abbrev  0x0000000000000fae      0x1f8 build/stm32f0xx_hal_gpio.o
 .debug_abbrev  0x00000000000011a6      0x285 build/stm32f0xx_hal_tim.o
 .debug_abbrev  0x000000000000142b      0x283 build/stm32f0xx_hal_tim_ex.o
 .debug_abbrev  0x00000000000016ae      0x1b3 build/stm32f0xx_ll_exti.o
 .debug_abbrev  0x0000000000001861      0x225 build/stm32f0xx_ll_gpio.o
 .debug_abbrev  0x0000000000001a86      0x30d build/stm32f0xx_ll_utils.o
 .debug_abbrev  0x0000000000001d93       0x1d build/startup_stm32f051x8.o

.debug_loclists
                0x0000000000000000     0x6699
 .debug_loclists
                0x0000000000000000      0x1dc build/main.o
 .debug_loclists
                0x00000000000001dc       0x7e build/stm32f0xx_hal_msp.o
 .debug_loclists
                0x000000000000025a       0xdc build/system_stm32f0xx.o
 .debug_loclists
                0x0000000000000336       0xc9 build/stm32f0xx_hal.o
 .debug_loclists
                0x00000000000003ff      0x907 build/stm32f0xx_hal_adc.o
 .debug_loclists
                0x0000000000000d06      0x1ae build/stm32f0xx_hal_cortex.o
 .debug_loclists
                0x0000000000000eb4      0x25d build/stm32f0xx_hal_gpio.o
 .debug_loclists
                0x0000000000001111     0x37d8 build/stm32f0xx_hal_tim.o
 .debug_loclists
                0x00000000000048e9     0x15e7 build/stm32f0xx_hal_tim_ex.o
 .debug_loclists
                0x0000000000005ed0      0x1a2 build/stm32f0xx_ll_exti.o
 .debug_loclists
                0x0000000000006072      0x249 build/stm32f0xx_ll_gpio.o
 .debug_loclists
                0x00000000000062bb      0x3de build/stm32f0xx_ll_utils.o

.debug_aranges  0x0000000000000000      0xa30
 .debug_aranges
                0x0000000000000000       0xa0 build/main.o
 .debug_aranges
                0x00000000000000a0       0x48 build/stm32f0xx_hal_msp.o
 .debug_aranges
                0x00000000000000e8       0x40 build/stm32f0xx_it.o
 .debug_aranges
                0x0000000000000128       0x28 build/system_stm32f0xx.o
 .debug_aranges
                0x0000000000000150       0xd0 build/stm32f0xx_hal.o
 .debug_aranges
                0x0000000000000220       0xf8 build/stm32f0xx_hal_adc.o
 .debug_aranges
                0x0000000000000318       0x98 build/stm32f0xx_hal_cortex.o
 .debug_aranges
                0x00000000000003b0       0x58 build/stm32f0xx_hal_gpio.o
 .debug_aranges
                0x0000000000000408      0x3d0 build/stm32f0xx_hal_tim.o
 .debug_aranges
                0x00000000000007d8      0x168 build/stm32f0xx_hal_tim_ex.o
 .debug_aranges
                0x0000000000000940       0x30 build/stm32f0xx_ll_exti.o
 .debug_aranges
                0x0000000000000970       0x30 build/stm32f0xx_ll_gpio.o
 .debug_aranges
                0x00000000000009a0       0x68 build/stm32f0xx_ll_utils.o
 .debug_aranges
                0x0000000000000a08       0x28 build/startup_stm32f051x8.o

.debug_rnglists
                0x0000000000000000      0x80c
 .debug_rnglists
                0x0000000000000000       0x7a build/main.o
 .debug_rnglists
                0x000000000000007a       0x31 build/stm32f0xx_hal_msp.o
 .debug_rnglists
                0x00000000000000ab       0x2b build/stm32f0xx_it.o
 .debug_rnglists
                0x00000000000000d6       0x1a build/system_stm32f0xx.o
 .debug_rnglists
                0x00000000000000f0       0x97 build/stm32f0xx_hal.o
 .debug_rnglists
                0x0000000000000187       0xc1 build/stm32f0xx_hal_adc.o
 .debug_rnglists
                0x0000000000000248       0x79 build/stm32f0xx_hal_cortex.o
 .debug_rnglists
                0x00000000000002c1       0x3f build/stm32f0xx_hal_gpio.o
 .debug_rnglists
                0x0000000000000300      0x305 build/stm32f0xx_hal_tim.o
 .debug_rnglists
                0x0000000000000605      0x11a build/stm32f0xx_hal_tim_ex.o
 .debug_rnglists
                0x000000000000071f       0x38 build/stm32f0xx_ll_exti.o
 .debug_rnglists
                0x0000000000000757       0x51 build/stm32f0xx_ll_gpio.o
 .debug_rnglists
                0x00000000000007a8       0x4b build/stm32f0xx_ll_utils.o
 .debug_rnglists
                0x00000000000007f3       0x19 build/startup_stm32f051x8.o

.debug_line     0x0000000000000000     0xb7bb
 .debug_line    0x0000000000000000      0xe4c build/main.o
 .debug_line    0x0000000000000e4c      0x424 build/stm32f0xx_hal_msp.o
 .debug_line    0x0000000000001270      0x290 build/stm32f0xx_it.o
 .debug_line    0x0000000000001500      0x2d7 build/system_stm32f0xx.o
 .debug_line    0x00000000000017d7      0x5ba build/stm32f0xx_hal.o
 .debug_line    0x0000000000001d91     0x10bc build/stm32f0xx_hal_adc.o
 .debug_line    0x0000000000002e4d      0x5eb build/stm32f0xx_hal_cortex.o
 .debug_line    0x0000000000003438      0x754 build/stm32f0xx_hal_gpio.o
 .debug_line    0x0000000000003b8c     0x4cf6 build/stm32f0xx_hal_tim.o
 .debug_line    0x0000000000008882     0x1d51 build/stm32f0xx_hal_tim_ex.o
 .debug_line    0x000000000000a5d3      0x473 build/stm32f0xx_ll_exti.o
 .debug_line    0x000000000000aa46      0x530 build/stm32f0xx_ll_gpio.o
 .debug_line    0x000000000000af76      0x7ce build/stm32f0xx_ll_utils.o
 .debug_line    0x000000000000b744       0x77 build/startup_stm32f051x8.o

.debug_str      0x0000000000000000     0x32a8
 .debug_str     0x0000000000000000     0x1054 build/main.o
                                       0x1183 (size before relaxing)
 .debug_str     0x0000000000001054       0xe8 build/stm32f0xx_hal_msp.o
                                        0x980 (size before relaxing)
 .debug_str     0x000000000000113c       0x6d build/stm32f0xx_it.o
                                        0x1f0 (size before relaxing)
 .debug_str     0x00000000000011a9       0x86 build/system_stm32f0xx.o
                                        0x261 (size before relaxing)
 .debug_str     0x000000000000122f      0x266 build/stm32f0xx_hal.o
                                        0x6d5 (size before relaxing)
 .debug_str     0x0000000000001495      0x2c5 build/stm32f0xx_hal_adc.o
                                        0x8ee (size before relaxing)
 .debug_str     0x000000000000175a      0x257 build/stm32f0xx_hal_cortex.o
                                        0x616 (size before relaxing)
 .debug_str     0x00000000000019b1       0xf3 build/stm32f0xx_hal_gpio.o
                                        0x3f0 (size before relaxing)
 .debug_str     0x0000000000001aa4      0xe10 build/stm32f0xx_hal_tim.o
                                       0x1665 (size before relaxing)
 .debug_str     0x00000000000028b4      0x4eb build/stm32f0xx_hal_tim_ex.o
                                        0xe81 (size before relaxing)
 .debug_str     0x0000000000002d9f      0x13c build/stm32f0xx_ll_exti.o
                                        0x365 (size before relaxing)
 .debug_str     0x0000000000002edb       0xf3 build/stm32f0xx_ll_gpio.o
                                        0x391 (size before relaxing)
 .debug_str     0x0000000000002fce      0x2a8 build/stm32f0xx_ll_utils.o
                                        0x5f7 (size before relaxing)
 .debug_str     0x0000000000003276       0x32 build/startup_stm32f051x8.o
                                         0x76 (size before relaxing)

.debug_frame    0x0000000000000000     0x19d8
 .debug_frame   0x0000000000000000      0x1b8 build/main.o
 .debug_frame   0x00000000000001b8       0x98 build/stm32f0xx_hal_msp.o
 .debug_frame   0x0000000000000250       0x68 build/stm32f0xx_it.o
 .debug_frame   0x00000000000002b8       0x38 build/system_stm32f0xx.o
 .debug_frame   0x00000000000002f0      0x1ac build/stm32f0xx_hal.o
 .debug_frame   0x000000000000049c      0x2a4 build/stm32f0xx_hal_adc.o
 .debug_frame   0x0000000000000740      0x144 build/stm32f0xx_hal_cortex.o
 .debug_frame   0x0000000000000884       0xc0 build/stm32f0xx_hal_gpio.o
 .debug_frame   0x0000000000000944      0xadc build/stm32f0xx_hal_tim.o
 .debug_frame   0x0000000000001420      0x420 build/stm32f0xx_hal_tim_ex.o
 .debug_frame   0x0000000000001840       0x48 build/stm32f0xx_ll_exti.o
 .debug_frame   0x0000000000001888       0x50 build/stm32f0xx_ll_gpio.o
 .debug_frame   0x00000000000018d8      0x100 build/stm32f0xx_ll_utils.o

.debug_line_str
                0x0000000000000000       0x5a
 .debug_line_str
                0x0000000000000000       0x5a build/startup_stm32f051x8.o

Cross Reference Table

Symbol                                            File
ADC1_COMP_IRQHandler                              build/main.o
AHBPrescTable                                     build/system_stm32f0xx.o
                                                  build/stm32f0xx_ll_utils.o
                                                  build/stm32f0xx_ll_rcc.o
                                                  build/stm32f0xx_hal_rcc.o
APBPrescTable                                     build/system_stm32f0xx.o
                                                  build/stm32f0xx_ll_rcc.o
                                                  build/stm32f0xx_hal_rcc.o
CEC_CAN_IRQHandler                                build/startup_stm32f051x8.o
DMA1_Channel1_IRQHandler                          build/startup_stm32f051x8.o
DMA1_Channel2_3_IRQHandler                        build/startup_stm32f051x8.o
DMA1_Channel4_5_IRQHandler                        build/startup_stm32f051x8.o
Default_Handler                                   build/startup_stm32f051x8.o
EXTI0_1_IRQHandler                                build/main.o
EXTI2_3_IRQHandler                                build/startup_stm32f051x8.o
EXTI4_15_IRQHandler                               build/startup_stm32f051x8.o
Error_Handler                                     build/main.o
FLASH_IRQHandler                                  build/startup_stm32f051x8.o
FLASH_PageErase                                   build/stm32f0xx_hal_flash_ex.o
                                                  build/stm32f0xx_hal_flash.o
FLASH_WaitForLastOperation                        build/stm32f0xx_hal_flash.o
                                                  build/stm32f0xx_hal_flash_ex.o
HAL_ADCEx_Calibration_Start                       build/stm32f0xx_hal_adc_ex.o
HAL_ADC_AnalogWDGConfig                           build/stm32f0xx_hal_adc.o
HAL_ADC_ConfigChannel                             build/stm32f0xx_hal_adc.o
                                                  build/main.o
HAL_ADC_ConvCpltCallback                          build/stm32f0xx_hal_adc.o
HAL_ADC_ConvHalfCpltCallback                      build/stm32f0xx_hal_adc.o
HAL_ADC_DeInit                                    build/stm32f0xx_hal_adc.o
HAL_ADC_ErrorCallback                             build/stm32f0xx_hal_adc.o
HAL_ADC_GetError                                  build/stm32f0xx_hal_adc.o
HAL_ADC_GetState                                  build/stm32f0xx_hal_adc.o
HAL_ADC_GetValue                                  build/stm32f0xx_hal_adc.o
                                                  build/main.o
HAL_ADC_IRQHandler                                build/stm32f0xx_hal_adc.o
                                                  build/main.o
HAL_ADC_Init                                      build/stm32f0xx_hal_adc.o
                                                  build/main.o
HAL_ADC_LevelOutOfWindowCallback                  build/stm32f0xx_hal_adc.o
HAL_ADC_MspDeInit                                 build/stm32f0xx_hal_msp.o
HAL_ADC_MspInit                                   build/stm32f0xx_hal_msp.o
HAL_ADC_PollForConversion                         build/stm32f0xx_hal_adc.o
HAL_ADC_PollForEvent                              build/stm32f0xx_hal_adc.o
HAL_ADC_Start                                     build/stm32f0xx_hal_adc.o
                                                  build/main.o
HAL_ADC_Start_DMA                                 build/stm32f0xx_hal_adc.o
HAL_ADC_Start_IT                                  build/stm32f0xx_hal_adc.o
HAL_ADC_Stop                                      build/stm32f0xx_hal_adc.o
                                                  build/main.o
HAL_ADC_Stop_DMA                                  build/stm32f0xx_hal_adc.o
HAL_ADC_Stop_IT                                   build/stm32f0xx_hal_adc.o
HAL_DBGMCU_DisableDBGStandbyMode                  build/stm32f0xx_hal.o
HAL_DBGMCU_DisableDBGStopMode                     build/stm32f0xx_hal.o
HAL_DBGMCU_EnableDBGStandbyMode                   build/stm32f0xx_hal.o
HAL_DBGMCU_EnableDBGStopMode                      build/stm32f0xx_hal.o
HAL_DMA_Abort                                     build/stm32f0xx_hal_dma.o
                                                  build/stm32f0xx_hal_adc.o
HAL_DMA_Abort_IT                                  build/stm32f0xx_hal_dma.o
                                                  build/stm32f0xx_hal_tim_ex.o
                                                  build/stm32f0xx_hal_tim.o
                                                  build/stm32f0xx_hal_i2c.o
HAL_DMA_DeInit                                    build/stm32f0xx_hal_dma.o
HAL_DMA_GetError                                  build/stm32f0xx_hal_dma.o
HAL_DMA_GetState                                  build/stm32f0xx_hal_dma.o
                                                  build/stm32f0xx_hal_i2c.o
HAL_DMA_IRQHandler                                build/stm32f0xx_hal_dma.o
HAL_DMA_Init                                      build/stm32f0xx_hal_dma.o
HAL_DMA_PollForTransfer                           build/stm32f0xx_hal_dma.o
HAL_DMA_RegisterCallback                          build/stm32f0xx_hal_dma.o
HAL_DMA_Start                                     build/stm32f0xx_hal_dma.o
HAL_DMA_Start_IT                                  build/stm32f0xx_hal_dma.o
                                                  build/stm32f0xx_hal_tim_ex.o
                                                  build/stm32f0xx_hal_tim.o
                                                  build/stm32f0xx_hal_i2c.o
                                                  build/stm32f0xx_hal_adc.o
HAL_DMA_UnRegisterCallback                        build/stm32f0xx_hal_dma.o
HAL_DeInit                                        build/stm32f0xx_hal.o
HAL_Delay                                         build/stm32f0xx_hal.o
                                                  build/main.o
HAL_FLASHEx_Erase                                 build/stm32f0xx_hal_flash_ex.o
HAL_FLASHEx_Erase_IT                              build/stm32f0xx_hal_flash_ex.o
HAL_FLASHEx_OBErase                               build/stm32f0xx_hal_flash_ex.o
HAL_FLASHEx_OBGetConfig                           build/stm32f0xx_hal_flash_ex.o
HAL_FLASHEx_OBGetUserData                         build/stm32f0xx_hal_flash_ex.o
HAL_FLASHEx_OBProgram                             build/stm32f0xx_hal_flash_ex.o
HAL_FLASH_EndOfOperationCallback                  build/stm32f0xx_hal_flash.o
HAL_FLASH_GetError                                build/stm32f0xx_hal_flash.o
HAL_FLASH_IRQHandler                              build/stm32f0xx_hal_flash.o
HAL_FLASH_Lock                                    build/stm32f0xx_hal_flash.o
HAL_FLASH_OB_Launch                               build/stm32f0xx_hal_flash.o
HAL_FLASH_OB_Lock                                 build/stm32f0xx_hal_flash.o
HAL_FLASH_OB_Unlock                               build/stm32f0xx_hal_flash.o
HAL_FLASH_OperationErrorCallback                  build/stm32f0xx_hal_flash.o
HAL_FLASH_Program                                 build/stm32f0xx_hal_flash.o
HAL_FLASH_Program_IT                              build/stm32f0xx_hal_flash.o
HAL_FLASH_Unlock                                  build/stm32f0xx_hal_flash.o
HAL_GPIO_DeInit                                   build/stm32f0xx_hal_gpio.o
                                                  build/stm32f0xx_hal_msp.o
HAL_GPIO_EXTI_Callback                            build/stm32f0xx_hal_gpio.o
HAL_GPIO_EXTI_IRQHandler                          build/stm32f0xx_hal_gpio.o
                                                  build/main.o
HAL_GPIO_Init                                     build/stm32f0xx_hal_gpio.o
                                                  build/stm32f0xx_hal_rcc.o
                                                  build/stm32f0xx_hal_msp.o
HAL_GPIO_LockPin                                  build/stm32f0xx_hal_gpio.o
HAL_GPIO_ReadPin                                  build/stm32f0xx_hal_gpio.o
HAL_GPIO_TogglePin                                build/stm32f0xx_hal_gpio.o
                                                  build/main.o
HAL_GPIO_WritePin                                 build/stm32f0xx_hal_gpio.o
HAL_GetDEVID                                      build/stm32f0xx_hal.o
HAL_GetHalVersion                                 build/stm32f0xx_hal.o
HAL_GetREVID                                      build/stm32f0xx_hal.o
HAL_GetTick                                       build/stm32f0xx_hal.o
                                                  build/stm32f0xx_hal_rcc_ex.o
                                                  build/stm32f0xx_hal_rcc.o
                                                  build/stm32f0xx_hal_i2c.o
                                                  build/stm32f0xx_hal_flash.o
                                                  build/stm32f0xx_hal_dma.o
                                                  build/stm32f0xx_hal_adc_ex.o
                                                  build/stm32f0xx_hal_adc.o
                                                  build/main.o
HAL_GetTickFreq                                   build/stm32f0xx_hal.o
HAL_GetTickPrio                                   build/stm32f0xx_hal.o
HAL_GetUIDw0                                      build/stm32f0xx_hal.o
HAL_GetUIDw1                                      build/stm32f0xx_hal.o
HAL_GetUIDw2                                      build/stm32f0xx_hal.o
HAL_I2CEx_ConfigAnalogFilter                      build/stm32f0xx_hal_i2c_ex.o
HAL_I2CEx_ConfigDigitalFilter                     build/stm32f0xx_hal_i2c_ex.o
HAL_I2CEx_DisableFastModePlus                     build/stm32f0xx_hal_i2c_ex.o
HAL_I2CEx_DisableWakeUp                           build/stm32f0xx_hal_i2c_ex.o
HAL_I2CEx_EnableFastModePlus                      build/stm32f0xx_hal_i2c_ex.o
HAL_I2CEx_EnableWakeUp                            build/stm32f0xx_hal_i2c_ex.o
HAL_I2C_AbortCpltCallback                         build/stm32f0xx_hal_i2c.o
HAL_I2C_AddrCallback                              build/stm32f0xx_hal_i2c.o
HAL_I2C_DeInit                                    build/stm32f0xx_hal_i2c.o
HAL_I2C_DisableListen_IT                          build/stm32f0xx_hal_i2c.o
HAL_I2C_ER_IRQHandler                             build/stm32f0xx_hal_i2c.o
HAL_I2C_EV_IRQHandler                             build/stm32f0xx_hal_i2c.o
HAL_I2C_EnableListen_IT                           build/stm32f0xx_hal_i2c.o
HAL_I2C_ErrorCallback                             build/stm32f0xx_hal_i2c.o
HAL_I2C_GetError                                  build/stm32f0xx_hal_i2c.o
HAL_I2C_GetMode                                   build/stm32f0xx_hal_i2c.o
HAL_I2C_GetState                                  build/stm32f0xx_hal_i2c.o
HAL_I2C_Init                                      build/stm32f0xx_hal_i2c.o
HAL_I2C_IsDeviceReady                             build/stm32f0xx_hal_i2c.o
HAL_I2C_ListenCpltCallback                        build/stm32f0xx_hal_i2c.o
HAL_I2C_MasterRxCpltCallback                      build/stm32f0xx_hal_i2c.o
HAL_I2C_MasterTxCpltCallback                      build/stm32f0xx_hal_i2c.o
HAL_I2C_Master_Abort_IT                           build/stm32f0xx_hal_i2c.o
HAL_I2C_Master_Receive                            build/stm32f0xx_hal_i2c.o
HAL_I2C_Master_Receive_DMA                        build/stm32f0xx_hal_i2c.o
HAL_I2C_Master_Receive_IT                         build/stm32f0xx_hal_i2c.o
HAL_I2C_Master_Seq_Receive_DMA                    build/stm32f0xx_hal_i2c.o
HAL_I2C_Master_Seq_Receive_IT                     build/stm32f0xx_hal_i2c.o
HAL_I2C_Master_Seq_Transmit_DMA                   build/stm32f0xx_hal_i2c.o
HAL_I2C_Master_Seq_Transmit_IT                    build/stm32f0xx_hal_i2c.o
HAL_I2C_Master_Transmit                           build/stm32f0xx_hal_i2c.o
HAL_I2C_Master_Transmit_DMA                       build/stm32f0xx_hal_i2c.o
HAL_I2C_Master_Transmit_IT                        build/stm32f0xx_hal_i2c.o
HAL_I2C_MemRxCpltCallback                         build/stm32f0xx_hal_i2c.o
HAL_I2C_MemTxCpltCallback                         build/stm32f0xx_hal_i2c.o
HAL_I2C_Mem_Read                                  build/stm32f0xx_hal_i2c.o
HAL_I2C_Mem_Read_DMA                              build/stm32f0xx_hal_i2c.o
HAL_I2C_Mem_Read_IT                               build/stm32f0xx_hal_i2c.o
HAL_I2C_Mem_Write                                 build/stm32f0xx_hal_i2c.o
HAL_I2C_Mem_Write_DMA                             build/stm32f0xx_hal_i2c.o
HAL_I2C_Mem_Write_IT                              build/stm32f0xx_hal_i2c.o
HAL_I2C_MspDeInit                                 build/stm32f0xx_hal_i2c.o
HAL_I2C_MspInit                                   build/stm32f0xx_hal_i2c.o
HAL_I2C_SlaveRxCpltCallback                       build/stm32f0xx_hal_i2c.o
HAL_I2C_SlaveTxCpltCallback                       build/stm32f0xx_hal_i2c.o
HAL_I2C_Slave_Receive                             build/stm32f0xx_hal_i2c.o
HAL_I2C_Slave_Receive_DMA                         build/stm32f0xx_hal_i2c.o
HAL_I2C_Slave_Receive_IT                          build/stm32f0xx_hal_i2c.o
HAL_I2C_Slave_Seq_Receive_DMA                     build/stm32f0xx_hal_i2c.o
HAL_I2C_Slave_Seq_Receive_IT                      build/stm32f0xx_hal_i2c.o
HAL_I2C_Slave_Seq_Transmit_DMA                    build/stm32f0xx_hal_i2c.o
HAL_I2C_Slave_Seq_Transmit_IT                     build/stm32f0xx_hal_i2c.o
HAL_I2C_Slave_Transmit                            build/stm32f0xx_hal_i2c.o
HAL_I2C_Slave_Transmit_DMA                        build/stm32f0xx_hal_i2c.o
HAL_I2C_Slave_Transmit_IT                         build/stm32f0xx_hal_i2c.o
HAL_IncTick                                       build/stm32f0xx_hal.o
                                                  build/stm32f0xx_it.o
HAL_Init                                          build/stm32f0xx_hal.o
                                                  build/main.o
HAL_InitTick                                      build/stm32f0xx_hal.o
                                                  build/stm32f0xx_hal_rcc.o
                                                  build/main.o
HAL_MspDeInit                                     build/stm32f0xx_hal.o
HAL_MspInit                                       build/stm32f0xx_hal_msp.o
HAL_NVIC_ClearPendingIRQ                          build/stm32f0xx_hal_cortex.o
HAL_NVIC_DisableIRQ                               build/stm32f0xx_hal_cortex.o
HAL_NVIC_EnableIRQ                                build/stm32f0xx_hal_cortex.o
                                                  build/main.o
HAL_NVIC_GetPendingIRQ                            build/stm32f0xx_hal_cortex.o
HAL_NVIC_GetPriority                              build/stm32f0xx_hal_cortex.o
HAL_NVIC_SetPendingIRQ                            build/stm32f0xx_hal_cortex.o
HAL_NVIC_SetPriority                              build/stm32f0xx_hal_cortex.o
                                                  build/stm32f0xx_hal.o
                                                  build/main.o
HAL_NVIC_SystemReset                              build/stm32f0xx_hal_cortex.o
HAL_PWR_ConfigPVD                                 build/stm32f0xx_hal_pwr_ex.o
HAL_PWR_DeInit                                    build/stm32f0xx_hal_pwr.o
HAL_PWR_DisableBkUpAccess                         build/stm32f0xx_hal_pwr.o
HAL_PWR_DisablePVD                                build/stm32f0xx_hal_pwr_ex.o
HAL_PWR_DisableSEVOnPend                          build/stm32f0xx_hal_pwr.o
HAL_PWR_DisableSleepOnExit                        build/stm32f0xx_hal_pwr.o
HAL_PWR_DisableWakeUpPin                          build/stm32f0xx_hal_pwr.o
HAL_PWR_EnableBkUpAccess                          build/stm32f0xx_hal_pwr.o
HAL_PWR_EnablePVD                                 build/stm32f0xx_hal_pwr_ex.o
HAL_PWR_EnableSEVOnPend                           build/stm32f0xx_hal_pwr.o
HAL_PWR_EnableSleepOnExit                         build/stm32f0xx_hal_pwr.o
HAL_PWR_EnableWakeUpPin                           build/stm32f0xx_hal_pwr.o
HAL_PWR_EnterSLEEPMode                            build/stm32f0xx_hal_pwr.o
HAL_PWR_EnterSTANDBYMode                          build/stm32f0xx_hal_pwr.o
HAL_PWR_EnterSTOPMode                             build/stm32f0xx_hal_pwr.o
HAL_PWR_PVDCallback                               build/stm32f0xx_hal_pwr_ex.o
HAL_PWR_PVD_IRQHandler                            build/stm32f0xx_hal_pwr_ex.o
HAL_RCCEx_GetPeriphCLKConfig                      build/stm32f0xx_hal_rcc_ex.o
HAL_RCCEx_GetPeriphCLKFreq                        build/stm32f0xx_hal_rcc_ex.o
HAL_RCCEx_PeriphCLKConfig                         build/stm32f0xx_hal_rcc_ex.o
HAL_RCC_CSSCallback                               build/stm32f0xx_hal_rcc.o
HAL_RCC_ClockConfig                               build/stm32f0xx_hal_rcc.o
HAL_RCC_DeInit                                    build/stm32f0xx_hal_rcc.o
HAL_RCC_DisableCSS                                build/stm32f0xx_hal_rcc.o
HAL_RCC_EnableCSS                                 build/stm32f0xx_hal_rcc.o
HAL_RCC_GetClockConfig                            build/stm32f0xx_hal_rcc.o
HAL_RCC_GetHCLKFreq                               build/stm32f0xx_hal_rcc.o
HAL_RCC_GetOscConfig                              build/stm32f0xx_hal_rcc.o
HAL_RCC_GetPCLK1Freq                              build/stm32f0xx_hal_rcc.o
                                                  build/stm32f0xx_hal_rcc_ex.o
HAL_RCC_GetSysClockFreq                           build/stm32f0xx_hal_rcc.o
                                                  build/stm32f0xx_hal_rcc_ex.o
HAL_RCC_MCOConfig                                 build/stm32f0xx_hal_rcc.o
HAL_RCC_NMI_IRQHandler                            build/stm32f0xx_hal_rcc.o
HAL_RCC_OscConfig                                 build/stm32f0xx_hal_rcc.o
HAL_ResumeTick                                    build/stm32f0xx_hal.o
HAL_SYSTICK_CLKSourceConfig                       build/stm32f0xx_hal_cortex.o
HAL_SYSTICK_Callback                              build/stm32f0xx_hal_cortex.o
HAL_SYSTICK_Config                                build/stm32f0xx_hal_cortex.o
                                                  build/stm32f0xx_hal.o
HAL_SYSTICK_IRQHandler                            build/stm32f0xx_hal_cortex.o
HAL_SetTickFreq                                   build/stm32f0xx_hal.o
HAL_SuspendTick                                   build/stm32f0xx_hal.o
HAL_TIMEx_BreakCallback                           build/stm32f0xx_hal_tim_ex.o
                                                  build/stm32f0xx_hal_tim.o
HAL_TIMEx_CommutCallback                          build/stm32f0xx_hal_tim_ex.o
                                                  build/stm32f0xx_hal_tim.o
HAL_TIMEx_CommutHalfCpltCallback                  build/stm32f0xx_hal_tim_ex.o
HAL_TIMEx_ConfigBreakDeadTime                     build/stm32f0xx_hal_tim_ex.o
HAL_TIMEx_ConfigCommutEvent                       build/stm32f0xx_hal_tim_ex.o
HAL_TIMEx_ConfigCommutEvent_DMA                   build/stm32f0xx_hal_tim_ex.o
HAL_TIMEx_ConfigCommutEvent_IT                    build/stm32f0xx_hal_tim_ex.o
HAL_TIMEx_GetChannelNState                        build/stm32f0xx_hal_tim_ex.o
HAL_TIMEx_HallSensor_DeInit                       build/stm32f0xx_hal_tim_ex.o
HAL_TIMEx_HallSensor_GetState                     build/stm32f0xx_hal_tim_ex.o
HAL_TIMEx_HallSensor_Init                         build/stm32f0xx_hal_tim_ex.o
HAL_TIMEx_HallSensor_MspDeInit                    build/stm32f0xx_hal_tim_ex.o
HAL_TIMEx_HallSensor_MspInit                      build/stm32f0xx_hal_tim_ex.o
HAL_TIMEx_HallSensor_Start                        build/stm32f0xx_hal_tim_ex.o
HAL_TIMEx_HallSensor_Start_DMA                    build/stm32f0xx_hal_tim_ex.o
HAL_TIMEx_HallSensor_Start_IT                     build/stm32f0xx_hal_tim_ex.o
HAL_TIMEx_HallSensor_Stop                         build/stm32f0xx_hal_tim_ex.o
HAL_TIMEx_HallSensor_Stop_DMA                     build/stm32f0xx_hal_tim_ex.o
HAL_TIMEx_HallSensor_Stop_IT                      build/stm32f0xx_hal_tim_ex.o
HAL_TIMEx_MasterConfigSynchronization             build/stm32f0xx_hal_tim_ex.o
                                                  build/main.o
HAL_TIMEx_OCN_Start                               build/stm32f0xx_hal_tim_ex.o
HAL_TIMEx_OCN_Start_DMA                           build/stm32f0xx_hal_tim_ex.o
HAL_TIMEx_OCN_Start_IT                            build/stm32f0xx_hal_tim_ex.o
HAL_TIMEx_OCN_Stop                                build/stm32f0xx_hal_tim_ex.o
HAL_TIMEx_OCN_Stop_DMA                            build/stm32f0xx_hal_tim_ex.o
HAL_TIMEx_OCN_Stop_IT                             build/stm32f0xx_hal_tim_ex.o
HAL_TIMEx_OnePulseN_Start                         build/stm32f0xx_hal_tim_ex.o
HAL_TIMEx_OnePulseN_Start_IT                      build/stm32f0xx_hal_tim_ex.o
HAL_TIMEx_OnePulseN_Stop                          build/stm32f0xx_hal_tim_ex.o
HAL_TIMEx_OnePulseN_Stop_IT                       build/stm32f0xx_hal_tim_ex.o
HAL_TIMEx_PWMN_Start                              build/stm32f0xx_hal_tim_ex.o
HAL_TIMEx_PWMN_Start_DMA                          build/stm32f0xx_hal_tim_ex.o
HAL_TIMEx_PWMN_Start_IT                           build/stm32f0xx_hal_tim_ex.o
HAL_TIMEx_PWMN_Stop                               build/stm32f0xx_hal_tim_ex.o
HAL_TIMEx_PWMN_Stop_DMA                           build/stm32f0xx_hal_tim_ex.o
HAL_TIMEx_PWMN_Stop_IT                            build/stm32f0xx_hal_tim_ex.o
HAL_TIMEx_RemapConfig                             build/stm32f0xx_hal_tim_ex.o
HAL_TIM_Base_DeInit                               build/stm32f0xx_hal_tim.o
HAL_TIM_Base_GetState                             build/stm32f0xx_hal_tim.o
HAL_TIM_Base_Init                                 build/stm32f0xx_hal_tim.o
                                                  build/main.o
HAL_TIM_Base_MspDeInit                            build/stm32f0xx_hal_msp.o
HAL_TIM_Base_MspInit                              build/stm32f0xx_hal_msp.o
HAL_TIM_Base_Start                                build/stm32f0xx_hal_tim.o
HAL_TIM_Base_Start_DMA                            build/stm32f0xx_hal_tim.o
HAL_TIM_Base_Start_IT                             build/stm32f0xx_hal_tim.o
HAL_TIM_Base_Stop                                 build/stm32f0xx_hal_tim.o
HAL_TIM_Base_Stop_DMA                             build/stm32f0xx_hal_tim.o
HAL_TIM_Base_Stop_IT                              build/stm32f0xx_hal_tim.o
HAL_TIM_ConfigClockSource                         build/stm32f0xx_hal_tim.o
                                                  build/main.o
HAL_TIM_ConfigOCrefClear                          build/stm32f0xx_hal_tim.o
HAL_TIM_ConfigTI1Input                            build/stm32f0xx_hal_tim.o
HAL_TIM_DMABurstState                             build/stm32f0xx_hal_tim.o
HAL_TIM_DMABurst_MultiReadStart                   build/stm32f0xx_hal_tim.o
HAL_TIM_DMABurst_MultiWriteStart                  build/stm32f0xx_hal_tim.o
HAL_TIM_DMABurst_ReadStart                        build/stm32f0xx_hal_tim.o
HAL_TIM_DMABurst_ReadStop                         build/stm32f0xx_hal_tim.o
HAL_TIM_DMABurst_WriteStart                       build/stm32f0xx_hal_tim.o
HAL_TIM_DMABurst_WriteStop                        build/stm32f0xx_hal_tim.o
HAL_TIM_Encoder_DeInit                            build/stm32f0xx_hal_tim.o
HAL_TIM_Encoder_GetState                          build/stm32f0xx_hal_tim.o
HAL_TIM_Encoder_Init                              build/stm32f0xx_hal_tim.o
HAL_TIM_Encoder_MspDeInit                         build/stm32f0xx_hal_tim.o
HAL_TIM_Encoder_MspInit                           build/stm32f0xx_hal_tim.o
HAL_TIM_Encoder_Start                             build/stm32f0xx_hal_tim.o
HAL_TIM_Encoder_Start_DMA                         build/stm32f0xx_hal_tim.o
HAL_TIM_Encoder_Start_IT                          build/stm32f0xx_hal_tim.o
HAL_TIM_Encoder_Stop                              build/stm32f0xx_hal_tim.o
HAL_TIM_Encoder_Stop_DMA                          build/stm32f0xx_hal_tim.o
HAL_TIM_Encoder_Stop_IT                           build/stm32f0xx_hal_tim.o
HAL_TIM_ErrorCallback                             build/stm32f0xx_hal_tim.o
                                                  build/stm32f0xx_hal_tim_ex.o
HAL_TIM_GenerateEvent                             build/stm32f0xx_hal_tim.o
HAL_TIM_GetActiveChannel                          build/stm32f0xx_hal_tim.o
HAL_TIM_GetChannelState                           build/stm32f0xx_hal_tim.o
HAL_TIM_IC_CaptureCallback                        build/stm32f0xx_hal_tim.o
HAL_TIM_IC_CaptureHalfCpltCallback                build/stm32f0xx_hal_tim.o
HAL_TIM_IC_ConfigChannel                          build/stm32f0xx_hal_tim.o
HAL_TIM_IC_DeInit                                 build/stm32f0xx_hal_tim.o
HAL_TIM_IC_GetState                               build/stm32f0xx_hal_tim.o
HAL_TIM_IC_Init                                   build/stm32f0xx_hal_tim.o
HAL_TIM_IC_MspDeInit                              build/stm32f0xx_hal_tim.o
HAL_TIM_IC_MspInit                                build/stm32f0xx_hal_tim.o
HAL_TIM_IC_Start                                  build/stm32f0xx_hal_tim.o
HAL_TIM_IC_Start_DMA                              build/stm32f0xx_hal_tim.o
HAL_TIM_IC_Start_IT                               build/stm32f0xx_hal_tim.o
HAL_TIM_IC_Stop                                   build/stm32f0xx_hal_tim.o
HAL_TIM_IC_Stop_DMA                               build/stm32f0xx_hal_tim.o
HAL_TIM_IC_Stop_IT                                build/stm32f0xx_hal_tim.o
HAL_TIM_IRQHandler                                build/stm32f0xx_hal_tim.o
HAL_TIM_MspPostInit                               build/stm32f0xx_hal_msp.o
                                                  build/main.o
HAL_TIM_OC_ConfigChannel                          build/stm32f0xx_hal_tim.o
HAL_TIM_OC_DeInit                                 build/stm32f0xx_hal_tim.o
HAL_TIM_OC_DelayElapsedCallback                   build/stm32f0xx_hal_tim.o
HAL_TIM_OC_GetState                               build/stm32f0xx_hal_tim.o
HAL_TIM_OC_Init                                   build/stm32f0xx_hal_tim.o
HAL_TIM_OC_MspDeInit                              build/stm32f0xx_hal_tim.o
HAL_TIM_OC_MspInit                                build/stm32f0xx_hal_tim.o
HAL_TIM_OC_Start                                  build/stm32f0xx_hal_tim.o
HAL_TIM_OC_Start_DMA                              build/stm32f0xx_hal_tim.o
HAL_TIM_OC_Start_IT                               build/stm32f0xx_hal_tim.o
HAL_TIM_OC_Stop                                   build/stm32f0xx_hal_tim.o
HAL_TIM_OC_Stop_DMA                               build/stm32f0xx_hal_tim.o
HAL_TIM_OC_Stop_IT                                build/stm32f0xx_hal_tim.o
HAL_TIM_OnePulse_ConfigChannel                    build/stm32f0xx_hal_tim.o
HAL_TIM_OnePulse_DeInit                           build/stm32f0xx_hal_tim.o
HAL_TIM_OnePulse_GetState                         build/stm32f0xx_hal_tim.o
HAL_TIM_OnePulse_Init                             build/stm32f0xx_hal_tim.o
HAL_TIM_OnePulse_MspDeInit                        build/stm32f0xx_hal_tim.o
HAL_TIM_OnePulse_MspInit                          build/stm32f0xx_hal_tim.o
HAL_TIM_OnePulse_Start                            build/stm32f0xx_hal_tim.o
HAL_TIM_OnePulse_Start_IT                         build/stm32f0xx_hal_tim.o
HAL_TIM_OnePulse_Stop                             build/stm32f0xx_hal_tim.o
HAL_TIM_OnePulse_Stop_IT                          build/stm32f0xx_hal_tim.o
HAL_TIM_PWM_ConfigChannel                         build/stm32f0xx_hal_tim.o
                                                  build/main.o
HAL_TIM_PWM_DeInit                                build/stm32f0xx_hal_tim.o
HAL_TIM_PWM_GetState                              build/stm32f0xx_hal_tim.o
HAL_TIM_PWM_Init                                  build/stm32f0xx_hal_tim.o
                                                  build/main.o